Pradinis failas: t1.com
Failo dydis: 295 (baitu)
00000000 569f8b78578b0f8b MOV1   CX, [BX]
00000002 8b34569f8b78578b MOV1   DX, [BX+0x78]
00000005 788b308b34569f8b MOV1   BX, [BX+0x3456]
00000009 78a88b79788b308b MOV1   SI, [BX+SI]
0000000b 8b5678a88b79788b MOV1   DI, [BX+SI+0x79]
0000000e 798b318b5678a88b MOV1   BP, [BX+SI+0x5678]
00000012 78a98b29798b318b MOV1   SI, [BX+DI]
00000014 8b5678a98b29798b MOV1   DI, [BX+DI+0x29]
00000017 548b248b5678a98b MOV1   BP, [BX+DI+0x5678]
0000001b 569c8b28548b248b MOV1   SP, [SI]
0000001d 8b34569c8b28548b MOV1   DX, [SI+0x28]
00000020 558b058b34569c8b MOV1   BX, [SI+0x3456]
00000024 569d8b58558b058b MOV1   AX, [DI]
00000026 8b34569d8b58558b MOV1   DX, [DI+0x58]
00000029 8b004e8b34569d8b MOV1   BX, [DI+0x3456]
0000002d 9e8b58568b004e8b MOV1   CX, [BP+0x0]
00000030 8b34569e8b58568b MOV1   DX, [BP+0x58]
00000033 7a8b328b34569e8b MOV1   BX, [BP+0x3456]
00000037 78aa8b397a8b328b MOV1   SI, [BP+SI]
00000039 8b5678aa8b397a8b MOV1   DI, [BP+SI+0x39]
0000003c 7b8b338b5678aa8b MOV1   BP, [BP+SI+0x5678]
00000040 78ab8b497b8b338b MOV1   SI, [BP+DI]
00000042 895678ab8b497b8b MOV1   DI, [BP+DI+0x49]
00000045 57890f895678ab8b MOV1   BP, [BP+DI+0x5678]
00000049 569f897857890f89 MOV1   [BX], CX
0000004b 8934569f89785789 MOV1   [BX+0x78], DX
0000004e 6089008934569f89 MOV1   [BX+0x3456], BX
00000052 78b8896960890089 MOV1   [BX+SI], AX
00000054 895678b889696089 MOV1   [BX+SI+0x69], SP
00000057 718929895678b889 MOV1   [BX+SI+0x5678], DI
0000005b 78b9894971892989 MOV1   [BX+DI], BP
0000005d 895678b989497189 MOV1   [BX+DI+0x49], SI
00000060 4c8904895678b989 MOV1   [BX+DI+0x5678], DI
00000064 569489784c890489 MOV1   [SI], AX
00000066 8934569489784c89 MOV1   [SI+0x78], CX
00000069 65892d8934569489 MOV1   [SI+0x3456], DX
0000006d 56b5897865892d89 MOV1   [DI], BP
0000006f 893456b589786589 MOV1   [DI+0x78], SP
00000072 89007e893456b589 MOV1   [DI+0x3456], SI
00000076 9689784e89007e89 MOV1   [BP+0x0], DI
00000079 8934569689784e89 MOV1   [BP+0x78], CX
0000007c 7a89328934569689 MOV1   [BP+0x3456], DX
00000080 788289597a893289 MOV1   [BP+SI], SI
00000082 8956788289597a89 MOV1   [BP+SI+0x59], DI
00000085 5b893b8956788289 MOV1   [BP+SI+0x5678], AX
00000089 789389195b893b89 MOV1   [BP+DI], DI
0000008b 8a56789389195b89 MOV1   [BP+DI+0x19], BX
0000008e 658a058a56789389 MOV1   [BP+DI+0x5678], DX
00000092 56bd8a78658a058a MOV1   AL, [DI]
00000094 8a3456bd8a78658a MOV1   AH, [DI+0x78]
00000097 8a004e8a3456bd8a MOV1   BH, [DI+0x3456]
0000009b 9e8a78568a004e8a MOV1   CL, [BP+0x0]
0000009e 8a34569e8a78568a MOV1   DL, [BP+0x78]
000000a1 75882a8a34569e8a MOV1   BL, [BP+0x3456]
000000a5 5695887875882a8a MOV1   CH, [BP+SI]
000000a7 8834569588787588 MOV1   [DI+0x78], DH
000000aa 88006e8834569588 MOV1   [DI+0x3456], DL
000000ae be88564e88006e88 MOV1   [BP+0x0], CH
000000b1 883456be88564e88 MOV1   [BP+0x56], CL
000000b4 000000883456be88 MOV1   [BP+0x3456], BH
000000b8 0000000000000088 MOV1   [BX+SI], AL
000000ba 0000000000000000 ADD    [BX+SI], AL
000000bc 0000000000000000 ADD    [BX+SI], AL
000000be 0000000000000000 ADD    [BX+SI], AL
000000c0 0000000000000000 ADD    [BX+SI], AL
000000c2 0000000000000000 ADD    [BX+SI], AL
000000c4 0000000000000000 ADD    [BX+SI], AL
000000c6 0000000000000000 ADD    [BX+SI], AL
000000c8 0000000000000000 ADD    [BX+SI], AL
000000ca 0000000000000000 ADD    [BX+SI], AL
000000cc 0000000000000000 ADD    [BX+SI], AL
000000ce 0000000000000000 ADD    [BX+SI], AL
000000d0 0000000000000000 ADD    [BX+SI], AL
000000d2 0000000000000000 ADD    [BX+SI], AL
000000d4 0000000000000000 ADD    [BX+SI], AL
000000d6 0000000000000000 ADD    [BX+SI], AL
000000d8 0000000000000000 ADD    [BX+SI], AL
000000da 0000000000000000 ADD    [BX+SI], AL
000000dc 0000000000000000 ADD    [BX+SI], AL
000000de 0000000000000000 ADD    [BX+SI], AL
000000e0 0000000000000000 ADD    [BX+SI], AL
000000e2 0000000000000000 ADD    [BX+SI], AL
000000e4 0000000000000000 ADD    [BX+SI], AL
000000e6 0000000000000000 ADD    [BX+SI], AL
000000e8 0000000000000000 ADD    [BX+SI], AL
000000ea 0000000000000000 ADD    [BX+SI], AL
000000ec 0000000000000000 ADD    [BX+SI], AL
000000ee 0000000000000000 ADD    [BX+SI], AL
000000f0 0000000000000000 ADD    [BX+SI], AL
000000f2 0000000000000000 ADD    [BX+SI], AL
000000f4 0000000000000000 ADD    [BX+SI], AL
000000f6 0000000000000000 ADD    [BX+SI], AL
000000f8 0000000000000000 ADD    [BX+SI], AL
000000fa 0000000000000000 ADD    [BX+SI], AL
000000fc 0000000000000000 ADD    [BX+SI], AL
000000fe 0000000000000000 ADD    [BX+SI], AL
00000100 0000000000000000 ADD    [BX+SI], AL
00000102 0000000000000000 ADD    [BX+SI], AL
00000104 0000000000000000 ADD    [BX+SI], AL
00000106 0000000000000000 ADD    [BX+SI], AL
00000108 0000000000000000 ADD    [BX+SI], AL
0000010a 0000000000000000 ADD    [BX+SI], AL
0000010c 0000000000000000 ADD    [BX+SI], AL
0000010e 0000000000000000 ADD    [BX+SI], AL
00000110 0000000000000000 ADD    [BX+SI], AL
00000112 0000000000000000 ADD    [BX+SI], AL
00000114 0000000000000000 ADD    [BX+SI], AL
00000116 0000000000000000 ADD    [BX+SI], AL
00000118 0000000000000000 ADD    [BX+SI], AL
0000011a 0000000000000000 ADD    [BX+SI], AL
0000011c 0000000000000000 ADD    [BX+SI], AL
0000011e 0000000000000000 ADD    [BX+SI], AL
00000120 0000000000000000 ADD    [BX+SI], AL
00000122 46f1000000000000 ADD    [BX+SI], AL
00000124 c19c46f100000000 ADD    [BX+SI], AL
00000126 9cf2c19c46f10000 ADD    [BX+SI], AL
Pradinis failas: t2.com
Failo dydis: 219 (baitu)
00000000 56b7ff7877ff37ff PUSH   [BX]
00000002 ff3456b7ff7877ff PUSH   [BX+0x78]
00000005 70ff30ff3456b7ff PUSH   [BX+0x3456]
00000009 78b0ff7970ff30ff PUSH   [BX+SI]
0000000b ff5678b0ff7970ff PUSH   [BX+SI+0x79]
0000000e 35ff31ff5678b0ff PUSH   [BX+SI+0x5678]
00000012 ff5875ff35ff31ff PUSH   [BX+DI]
00000014 56b5ff5875ff35ff PUSH   [DI]
00000016 ff3456b5ff5875ff PUSH   [DI+0x58]
00000019 ff0076ff3456b5ff PUSH   [DI+0x3456]
0000001d b6ff5876ff0076ff PUSH   [BP+0x0]
00000020 ff3456b6ff5876ff PUSH   [BP+0x58]
00000023 5678b3ff3456b6ff PUSH   [BP+0x3456]
00000027 06160e1e5678b3ff PUSH   [BP+DI+0x5678]
0000002b 478f078f06160e1e PUSH DS
0000002c 78478f078f06160e PUSH CS
0000002d 8f78478f078f0616 PUSH SS
0000002e 878f78478f078f06 PUSH ES
0000002f 56878f78478f078f POP    [BX]
00000031 8f3456878f78478f POP    [BX+0x78]
00000034 408f008f3456878f POP    [BX+0x3456]
00000038 78808f79408f008f POP    [BX+SI]
0000003a 8f5678808f79408f POP    [BX+SI+0x79]
0000003d 058f018f5678808f POP    [BX+SI+0x5678]
00000041 8f58458f058f018f POP    [BX+DI]
00000043 56858f58458f058f POP    [DI]
00000045 8f3456858f58458f POP    [DI+0x58]
00000048 8f00468f3456858f POP    [DI+0x3456]
0000004c 868f58468f00468f POP    [BP+0x0]
0000004f 8f3456868f58468f POP    [BP+0x58]
00000052 5678838f3456868f POP    [BP+0x3456]
00000056 07170f1f5678838f POP    [BP+DI+0x5678]
0000005a 5352515007170f1f POP DS 
0000005b 545352515007170f db f 
0000005c 5554535251500717 POP SS 
0000005d 5655545352515007 POP ES 
0000005e 5756555453525150 PUSH    AX
0000005f 5857565554535251 PUSH    CX
00000060 5958575655545352 PUSH    DX
00000061 5a59585756555453 PUSH    BX
00000062 5b5a595857565554 PUSH    SP
00000063 5c5b5a5958575655 PUSH    BP
00000064 5d5c5b5a59585756 PUSH    SI
00000065 5e5d5c5b5a595857 PUSH    DI
00000066 5f5e5d5c5b5a5958 POP     AX
00000067 865f5e5d5c5b5a59 POP     CX
00000068 e0865f5e5d5c5b5a POP     DX
00000069 86e0865f5e5d5c5b POP     BX
0000006a e186e0865f5e5d5c POP     SP
0000006b 86e186e0865f5e5d POP     BP
0000006c d886e186e0865f5e POP     SI
0000006d 86d886e186e0865f POP     DI
0000006e ea86d886e186e086 XCHG   AH, AL
00000070 fe86ea86d886e186 XCHG   AH, CL
00000072 cb87fe86ea86d886 XCHG   BL, AL
00000074 db87cb87fe86ea86 XCHG   CH, DL
00000076 ca87db87cb87fe86 XCHG   BH, DH
00000078 d987ca87db87cb87 XCHG   CX, BX
0000007a ec87d987ca87db87 XCHG   BX, BX
0000007c fe87ec87d987ca87 XCHG   CX, DX
0000007e f987fe87ec87d987 XCHG   BX, CX
00000080 f787f987fe87ec87 XCHG   BP, SP
00000082 cd87f787f987fe87 XCHG   DI, SI
00000084 ea87cd87f787f987 XCHG   DI, CX
00000086 0786ea87cd87f787 XCHG   SI, DI
00000088 4e860786ea87cd87 XCHG   CX, BP
0000008a 86004e860786ea87 XCHG   BP, DX
0000008c 860086004e860786 XCHG   AL, [BX]
0000008e 4596860086004e86 XCHG   CL, [BP+0x0]
00000091 b486234596860086 XCHG   AL, [BX+SI]
00000093 2354b48623459686 XCHG   DL, [BP+0x2345]
00000097 0b8737872354b486 XCHG   DH, [SI+0x2354]
0000009b 871540870b873787 XCHG   SI, [BX]
0000009d 45ab871540870b87 XCHG   CX, [BP+DI]
0000009f 872345ab87154087 XCHG   AX, [BX+SI+0x15]
000000a2 235494872345ab87 XCHG   BP, [BP+DI+0x2345]
000000a6 9392919023549487 XCHG   DX, [SI+0x2354]
000000aa 9796959493929190 NOP    
000000ab e497969594939291 XCHG AX,CX
000000ac 12e4979695949392 XCHG AX,DX
000000ad e512e49796959493 XCHG AX,BX
000000ae 15e512e497969594 XCHG AX,SP
000000af ec15e512e4979695 XCHG AX,BP
000000b0 edec15e512e49796 XCHG AX,SI
000000b1 e6edec15e512e497 XCHG AX,DI
000000b2 17e6edec15e512e4 IN  AL,0x12
000000b4 45e717e6edec15e5 IN  AX,0x15
000000b6 efee45e717e6edec IN AL  
000000b7 d7efee45e717e6ed IN AX  
000000b8 8dd7efee45e717e6 OUT AL,0x17
000000ba 54988dd7efee45e7 OUT AX,0x45
000000bc 8d2354988dd7efee OUT AL 
000000bd 4a8d2354988dd7ef OUT AX 
000000be 544a8d2354988dd7 XLAT   
000000bf 8d544a8d2354988d db 8d 
000000c0 568d544a8d235498 CBW    
000000c1 00568d544a8d2354 PUSH    SP
000000c2 8d00568d544a8d23 AND    CX, [DI+0x544a]
000000c6 c400123e8d00568d db 8d 
000000c7 98c400123e8d0056 PUSH    SI
000000c8 5498c400123e8d00 ADD    [DI+0x123e], CL
000000cc 544ac5235498c400 ADD    AH, AL
000000ce 56c4544ac5235498 CBW    
000000cf 0056c4544ac52354 PUSH    SP
000000d0 9f0056c4544ac523 AND    AX, BP
000000d2 9c9e9f0056c4544a DEC     DX
000000d3 9d9c9e9f0056c454 PUSH    SP
000000d4 009d9c9e9f0056c4 LES    [BP+0x0], DL
000000d7 000000009d9c9e9f LAHF   
000000d8 00000000009d9c9e SAHF   
000000d9 0000000000009d9c PUSHF  
000000da 000000000000009d POPF   
000000db 0000000000000000 ADD    [BX+SI], AL
Pradinis failas: t3-add.com
Failo dydis: 293 (baitu)
00000000 569f037857030f03 ADD    CX, [BX]
00000002 0334569f03785703 ADD    DX, [BX+0x78]
00000005 7803300334569f03 ADD    BX, [BX+0x3456]
00000009 78a8037978033003 ADD    SI, [BX+SI]
0000000b 035678a803797803 ADD    DI, [BX+SI+0x79]
0000000e 790331035678a803 ADD    BP, [BX+SI+0x5678]
00000012 78a9032979033103 ADD    SI, [BX+DI]
00000014 035678a903297903 ADD    DI, [BX+DI+0x29]
00000017 540324035678a903 ADD    BP, [BX+DI+0x5678]
0000001b 569c032854032403 ADD    SP, [SI]
0000001d 0334569c03285403 ADD    DX, [SI+0x28]
00000020 5503050334569c03 ADD    BX, [SI+0x3456]
00000024 569d035855030503 ADD    AX, [DI]
00000026 0334569d03585503 ADD    DX, [DI+0x58]
00000029 03004e0334569d03 ADD    BX, [DI+0x3456]
0000002d 9e03585603004e03 ADD    CX, [BP+0x0]
00000030 0334569e03585603 ADD    DX, [BP+0x58]
00000033 7a03320334569e03 ADD    BX, [BP+0x3456]
00000037 78aa03397a033203 ADD    SI, [BP+SI]
00000039 035678aa03397a03 ADD    DI, [BP+SI+0x39]
0000003c 7b0333035678aa03 ADD    BP, [BP+SI+0x5678]
00000040 78ab03497b033303 ADD    SI, [BP+DI]
00000042 015678ab03497b03 ADD    DI, [BP+DI+0x49]
00000045 57010f015678ab03 ADD    BP, [BP+DI+0x5678]
00000049 569f017857010f01 ADD    [BX], CX
0000004b 0134569f01785701 ADD    [BX+0x78], DX
0000004e 6001000134569f01 ADD    [BX+0x3456], BX
00000052 78b8016960010001 ADD    [BX+SI], AX
00000054 015678b801696001 ADD    [BX+SI+0x69], SP
00000057 710129015678b801 ADD    [BX+SI+0x5678], DI
0000005b 78b9014971012901 ADD    [BX+DI], BP
0000005d 015678b901497101 ADD    [BX+DI+0x49], SI
00000060 4c0104015678b901 ADD    [BX+DI+0x5678], DI
00000064 569401784c010401 ADD    [SI], AX
00000066 0134569401784c01 ADD    [SI+0x78], CX
00000069 65012d0134569401 ADD    [SI+0x3456], DX
0000006d 56b5017865012d01 ADD    [DI], BP
0000006f 013456b501786501 ADD    [DI+0x78], SP
00000072 01007e013456b501 ADD    [DI+0x3456], SI
00000076 9601784e01007e01 ADD    [BP+0x0], DI
00000079 0134569601784e01 ADD    [BP+0x78], CX
0000007c 7a01320134569601 ADD    [BP+0x3456], DX
00000080 788201597a013201 ADD    [BP+SI], SI
00000082 0156788201597a01 ADD    [BP+SI+0x59], DI
00000085 5b013b0156788201 ADD    [BP+SI+0x5678], AX
00000089 789301195b013b01 ADD    [BP+DI], DI
0000008b 0256789301195b01 ADD    [BP+DI+0x19], BX
0000008e 6502050256789301 ADD    [BP+DI+0x5678], DX
00000092 56bd027865020502 ADD    AL, [DI]
00000094 023456bd02786502 ADD    AH, [DI+0x78]
00000097 02004e023456bd02 ADD    BH, [DI+0x3456]
0000009b 9e02785602004e02 ADD    CL, [BP+0x0]
0000009e 0234569e02785602 ADD    DL, [BP+0x78]
000000a1 75002a0234569e02 ADD    BL, [BP+0x3456]
000000a5 5695007875002a02 ADD    CH, [BP+SI]
000000a7 0034569500787500 ADD    [DI+0x78], DH
000000aa 00006e0034569500 ADD    [DI+0x3456], DL
000000ae be00564e00006e00 ADD    [BP+0x0], CH
000000b1 003456be00564e00 ADD    [BP+0x56], CL
000000b4 000000003456be00 ADD    [BP+0x3456], BH
000000b8 0000000000000000 ADD    [BX+SI], AL
000000ba 0000000000000000 ADD    [BX+SI], AL
000000bc 0000000000000000 ADD    [BX+SI], AL
000000be 0000000000000000 ADD    [BX+SI], AL
000000c0 0000000000000000 ADD    [BX+SI], AL
000000c2 0000000000000000 ADD    [BX+SI], AL
000000c4 0000000000000000 ADD    [BX+SI], AL
000000c6 0000000000000000 ADD    [BX+SI], AL
000000c8 0000000000000000 ADD    [BX+SI], AL
000000ca 0000000000000000 ADD    [BX+SI], AL
000000cc 0000000000000000 ADD    [BX+SI], AL
000000ce 0000000000000000 ADD    [BX+SI], AL
000000d0 0000000000000000 ADD    [BX+SI], AL
000000d2 0000000000000000 ADD    [BX+SI], AL
000000d4 0000000000000000 ADD    [BX+SI], AL
000000d6 0000000000000000 ADD    [BX+SI], AL
000000d8 0000000000000000 ADD    [BX+SI], AL
000000da 0000000000000000 ADD    [BX+SI], AL
000000dc 0000000000000000 ADD    [BX+SI], AL
000000de 0000000000000000 ADD    [BX+SI], AL
000000e0 0000000000000000 ADD    [BX+SI], AL
000000e2 0000000000000000 ADD    [BX+SI], AL
000000e4 0000000000000000 ADD    [BX+SI], AL
000000e6 0000000000000000 ADD    [BX+SI], AL
000000e8 0000000000000000 ADD    [BX+SI], AL
000000ea 0000000000000000 ADD    [BX+SI], AL
000000ec 0000000000000000 ADD    [BX+SI], AL
000000ee 0000000000000000 ADD    [BX+SI], AL
000000f0 0000000000000000 ADD    [BX+SI], AL
000000f2 0000000000000000 ADD    [BX+SI], AL
000000f4 0000000000000000 ADD    [BX+SI], AL
000000f6 0000000000000000 ADD    [BX+SI], AL
000000f8 0000000000000000 ADD    [BX+SI], AL
000000fa 0000000000000000 ADD    [BX+SI], AL
000000fc 0000000000000000 ADD    [BX+SI], AL
000000fe 0000000000000000 ADD    [BX+SI], AL
00000100 0000000000000000 ADD    [BX+SI], AL
00000102 0000000000000000 ADD    [BX+SI], AL
00000104 0000000000000000 ADD    [BX+SI], AL
00000106 0000000000000000 ADD    [BX+SI], AL
00000108 0000000000000000 ADD    [BX+SI], AL
0000010a 0000000000000000 ADD    [BX+SI], AL
0000010c 0000000000000000 ADD    [BX+SI], AL
0000010e 0000000000000000 ADD    [BX+SI], AL
00000110 0000000000000000 ADD    [BX+SI], AL
00000112 0000000000000000 ADD    [BX+SI], AL
00000114 0000000000000000 ADD    [BX+SI], AL
00000116 0000000000000000 ADD    [BX+SI], AL
00000118 0000000000000000 ADD    [BX+SI], AL
0000011a 0000000000000000 ADD    [BX+SI], AL
0000011c 0000000000000000 ADD    [BX+SI], AL
0000011e 0000000000000000 ADD    [BX+SI], AL
00000120 0000000000000000 ADD    [BX+SI], AL
00000122 39a0000000000000 ADD    [BX+SI], AL
00000124 1a7b39a000000000 ADD    [BX+SI], AL
Pradinis failas: t4-adc.com
Failo dydis: 293 (baitu)
00000000 569f137857130f13 ADC    CX, [BX]
00000002 1334569f13785713 ADC    DX, [BX+0x78]
00000005 7813301334569f13 ADC    BX, [BX+0x3456]
00000009 78a8137978133013 ADC    SI, [BX+SI]
0000000b 135678a813797813 ADC    DI, [BX+SI+0x79]
0000000e 791331135678a813 ADC    BP, [BX+SI+0x5678]
00000012 78a9132979133113 ADC    SI, [BX+DI]
00000014 135678a913297913 ADC    DI, [BX+DI+0x29]
00000017 541324135678a913 ADC    BP, [BX+DI+0x5678]
0000001b 569c132854132413 ADC    SP, [SI]
0000001d 1334569c13285413 ADC    DX, [SI+0x28]
00000020 5513051334569c13 ADC    BX, [SI+0x3456]
00000024 569d135855130513 ADC    AX, [DI]
00000026 1334569d13585513 ADC    DX, [DI+0x58]
00000029 13004e1334569d13 ADC    BX, [DI+0x3456]
0000002d 9e13585613004e13 ADC    CX, [BP+0x0]
00000030 1334569e13585613 ADC    DX, [BP+0x58]
00000033 7a13321334569e13 ADC    BX, [BP+0x3456]
00000037 78aa13397a133213 ADC    SI, [BP+SI]
00000039 135678aa13397a13 ADC    DI, [BP+SI+0x39]
0000003c 7b1333135678aa13 ADC    BP, [BP+SI+0x5678]
00000040 78ab13497b133313 ADC    SI, [BP+DI]
00000042 115678ab13497b13 ADC    DI, [BP+DI+0x49]
00000045 57110f115678ab13 ADC    BP, [BP+DI+0x5678]
00000049 569f117857110f11 ADC    [BX], CX
0000004b 1134569f11785711 ADC    [BX+0x78], DX
0000004e 6011001134569f11 ADC    [BX+0x3456], BX
00000052 78b8116960110011 ADC    [BX+SI], AX
00000054 115678b811696011 ADC    [BX+SI+0x69], SP
00000057 711129115678b811 ADC    [BX+SI+0x5678], DI
0000005b 78b9114971112911 ADC    [BX+DI], BP
0000005d 115678b911497111 ADC    [BX+DI+0x49], SI
00000060 4c1104115678b911 ADC    [BX+DI+0x5678], DI
00000064 569411784c110411 ADC    [SI], AX
00000066 1134569411784c11 ADC    [SI+0x78], CX
00000069 65112d1134569411 ADC    [SI+0x3456], DX
0000006d 56b5117865112d11 ADC    [DI], BP
0000006f 113456b511786511 ADC    [DI+0x78], SP
00000072 11007e113456b511 ADC    [DI+0x3456], SI
00000076 9611784e11007e11 ADC    [BP+0x0], DI
00000079 1134569611784e11 ADC    [BP+0x78], CX
0000007c 7a11321134569611 ADC    [BP+0x3456], DX
00000080 788211597a113211 ADC    [BP+SI], SI
00000082 1156788211597a11 ADC    [BP+SI+0x59], DI
00000085 5b113b1156788211 ADC    [BP+SI+0x5678], AX
00000089 789311195b113b11 ADC    [BP+DI], DI
0000008b 1256789311195b11 ADC    [BP+DI+0x19], BX
0000008e 6512051256789311 ADC    [BP+DI+0x5678], DX
00000092 56bd127865120512 ADC    AL, [DI]
00000094 123456bd12786512 ADC    AH, [DI+0x78]
00000097 12004e123456bd12 ADC    BH, [DI+0x3456]
0000009b 9e12785612004e12 ADC    CL, [BP+0x0]
0000009e 1234569e12785612 ADC    DL, [BP+0x78]
000000a1 75102a1234569e12 ADC    BL, [BP+0x3456]
000000a5 5695107875102a12 ADC    CH, [BP+SI]
000000a7 1034569510787510 ADC    [DI+0x78], DH
000000aa 10006e1034569510 ADC    [DI+0x3456], DL
000000ae be10564e10006e10 ADC    [BP+0x0], CH
000000b1 103456be10564e10 ADC    [BP+0x56], CL
000000b4 000000103456be10 ADC    [BP+0x3456], BH
000000b8 0000000000000010 ADC    [BX+SI], AL
000000ba 0000000000000000 ADD    [BX+SI], AL
000000bc 0000000000000000 ADD    [BX+SI], AL
000000be 0000000000000000 ADD    [BX+SI], AL
000000c0 0000000000000000 ADD    [BX+SI], AL
000000c2 0000000000000000 ADD    [BX+SI], AL
000000c4 0000000000000000 ADD    [BX+SI], AL
000000c6 0000000000000000 ADD    [BX+SI], AL
000000c8 0000000000000000 ADD    [BX+SI], AL
000000ca 0000000000000000 ADD    [BX+SI], AL
000000cc 0000000000000000 ADD    [BX+SI], AL
000000ce 0000000000000000 ADD    [BX+SI], AL
000000d0 0000000000000000 ADD    [BX+SI], AL
000000d2 0000000000000000 ADD    [BX+SI], AL
000000d4 0000000000000000 ADD    [BX+SI], AL
000000d6 0000000000000000 ADD    [BX+SI], AL
000000d8 0000000000000000 ADD    [BX+SI], AL
000000da 0000000000000000 ADD    [BX+SI], AL
000000dc 0000000000000000 ADD    [BX+SI], AL
000000de 0000000000000000 ADD    [BX+SI], AL
000000e0 0000000000000000 ADD    [BX+SI], AL
000000e2 0000000000000000 ADD    [BX+SI], AL
000000e4 0000000000000000 ADD    [BX+SI], AL
000000e6 0000000000000000 ADD    [BX+SI], AL
000000e8 0000000000000000 ADD    [BX+SI], AL
000000ea 0000000000000000 ADD    [BX+SI], AL
000000ec 0000000000000000 ADD    [BX+SI], AL
000000ee 0000000000000000 ADD    [BX+SI], AL
000000f0 0000000000000000 ADD    [BX+SI], AL
000000f2 0000000000000000 ADD    [BX+SI], AL
000000f4 0000000000000000 ADD    [BX+SI], AL
000000f6 0000000000000000 ADD    [BX+SI], AL
000000f8 0000000000000000 ADD    [BX+SI], AL
000000fa 0000000000000000 ADD    [BX+SI], AL
000000fc 0000000000000000 ADD    [BX+SI], AL
000000fe 0000000000000000 ADD    [BX+SI], AL
00000100 0000000000000000 ADD    [BX+SI], AL
00000102 0000000000000000 ADD    [BX+SI], AL
00000104 0000000000000000 ADD    [BX+SI], AL
00000106 0000000000000000 ADD    [BX+SI], AL
00000108 0000000000000000 ADD    [BX+SI], AL
0000010a 0000000000000000 ADD    [BX+SI], AL
0000010c 0000000000000000 ADD    [BX+SI], AL
0000010e 0000000000000000 ADD    [BX+SI], AL
00000110 0000000000000000 ADD    [BX+SI], AL
00000112 0000000000000000 ADD    [BX+SI], AL
00000114 0000000000000000 ADD    [BX+SI], AL
00000116 0000000000000000 ADD    [BX+SI], AL
00000118 0000000000000000 ADD    [BX+SI], AL
0000011a 0000000000000000 ADD    [BX+SI], AL
0000011c 0000000000000000 ADD    [BX+SI], AL
0000011e 0000000000000000 ADD    [BX+SI], AL
00000120 0000000000000000 ADD    [BX+SI], AL
00000122 e407000000000000 ADD    [BX+SI], AL
00000124 6a7de40700000000 ADD    [BX+SI], AL
Pradinis failas: t5-cmp.com
Failo dydis: 293 (baitu)
00000000 569f3b78573b0f3b CMP    CX, [BX]
00000002 3b34569f3b78573b CMP    DX, [BX+0x78]
00000005 783b303b34569f3b CMP    BX, [BX+0x3456]
00000009 78a83b79783b303b CMP    SI, [BX+SI]
0000000b 3b5678a83b79783b CMP    DI, [BX+SI+0x79]
0000000e 793b313b5678a83b CMP    BP, [BX+SI+0x5678]
00000012 78a93b29793b313b CMP    SI, [BX+DI]
00000014 3b5678a93b29793b CMP    DI, [BX+DI+0x29]
00000017 543b243b5678a93b CMP    BP, [BX+DI+0x5678]
0000001b 569c3b28543b243b CMP    SP, [SI]
0000001d 3b34569c3b28543b CMP    DX, [SI+0x28]
00000020 553b053b34569c3b CMP    BX, [SI+0x3456]
00000024 569d3b58553b053b CMP    AX, [DI]
00000026 3b34569d3b58553b CMP    DX, [DI+0x58]
00000029 3b004e3b34569d3b CMP    BX, [DI+0x3456]
0000002d 9e3b58563b004e3b CMP    CX, [BP+0x0]
00000030 3b34569e3b58563b CMP    DX, [BP+0x58]
00000033 7a3b323b34569e3b CMP    BX, [BP+0x3456]
00000037 78aa3b397a3b323b CMP    SI, [BP+SI]
00000039 3b5678aa3b397a3b CMP    DI, [BP+SI+0x39]
0000003c 7b3b333b5678aa3b CMP    BP, [BP+SI+0x5678]
00000040 78ab3b497b3b333b CMP    SI, [BP+DI]
00000042 395678ab3b497b3b CMP    DI, [BP+DI+0x49]
00000045 57390f395678ab3b CMP    BP, [BP+DI+0x5678]
00000049 569f397857390f39 CMP    [BX], CX
0000004b 3934569f39785739 CMP    [BX+0x78], DX
0000004e 6039003934569f39 CMP    [BX+0x3456], BX
00000052 78b8396960390039 CMP    [BX+SI], AX
00000054 395678b839696039 CMP    [BX+SI+0x69], SP
00000057 713929395678b839 CMP    [BX+SI+0x5678], DI
0000005b 78b9394971392939 CMP    [BX+DI], BP
0000005d 395678b939497139 CMP    [BX+DI+0x49], SI
00000060 4c3904395678b939 CMP    [BX+DI+0x5678], DI
00000064 569439784c390439 CMP    [SI], AX
00000066 3934569439784c39 CMP    [SI+0x78], CX
00000069 65392d3934569439 CMP    [SI+0x3456], DX
0000006d 56b5397865392d39 CMP    [DI], BP
0000006f 393456b539786539 CMP    [DI+0x78], SP
00000072 39007e393456b539 CMP    [DI+0x3456], SI
00000076 9639784e39007e39 CMP    [BP+0x0], DI
00000079 3934569639784e39 CMP    [BP+0x78], CX
0000007c 7a39323934569639 CMP    [BP+0x3456], DX
00000080 788239597a393239 CMP    [BP+SI], SI
00000082 3956788239597a39 CMP    [BP+SI+0x59], DI
00000085 5b393b3956788239 CMP    [BP+SI+0x5678], AX
00000089 789339195b393b39 CMP    [BP+DI], DI
0000008b 3a56789339195b39 CMP    [BP+DI+0x19], BX
0000008e 653a053a56789339 CMP    [BP+DI+0x5678], DX
00000092 56bd3a78653a053a CMP    AL, [DI]
00000094 3a3456bd3a78653a CMP    AH, [DI+0x78]
00000097 3a004e3a3456bd3a CMP    BH, [DI+0x3456]
0000009b 9e3a78563a004e3a CMP    CL, [BP+0x0]
0000009e 3a34569e3a78563a CMP    DL, [BP+0x78]
000000a1 75382a3a34569e3a CMP    BL, [BP+0x3456]
000000a5 5695387875382a3a CMP    CH, [BP+SI]
000000a7 3834569538787538 CMP    [DI+0x78], DH
000000aa 38006e3834569538 CMP    [DI+0x3456], DL
000000ae be38564e38006e38 CMP    [BP+0x0], CH
000000b1 383456be38564e38 CMP    [BP+0x56], CL
000000b4 000000383456be38 CMP    [BP+0x3456], BH
000000b8 0000000000000038 CMP    [BX+SI], AL
000000ba 0000000000000000 ADD    [BX+SI], AL
000000bc 0000000000000000 ADD    [BX+SI], AL
000000be 0000000000000000 ADD    [BX+SI], AL
000000c0 0000000000000000 ADD    [BX+SI], AL
000000c2 0000000000000000 ADD    [BX+SI], AL
000000c4 0000000000000000 ADD    [BX+SI], AL
000000c6 0000000000000000 ADD    [BX+SI], AL
000000c8 0000000000000000 ADD    [BX+SI], AL
000000ca 0000000000000000 ADD    [BX+SI], AL
000000cc 0000000000000000 ADD    [BX+SI], AL
000000ce 0000000000000000 ADD    [BX+SI], AL
000000d0 0000000000000000 ADD    [BX+SI], AL
000000d2 0000000000000000 ADD    [BX+SI], AL
000000d4 0000000000000000 ADD    [BX+SI], AL
000000d6 0000000000000000 ADD    [BX+SI], AL
000000d8 0000000000000000 ADD    [BX+SI], AL
000000da 0000000000000000 ADD    [BX+SI], AL
000000dc 0000000000000000 ADD    [BX+SI], AL
000000de 0000000000000000 ADD    [BX+SI], AL
000000e0 0000000000000000 ADD    [BX+SI], AL
000000e2 0000000000000000 ADD    [BX+SI], AL
000000e4 0000000000000000 ADD    [BX+SI], AL
000000e6 0000000000000000 ADD    [BX+SI], AL
000000e8 0000000000000000 ADD    [BX+SI], AL
000000ea 0000000000000000 ADD    [BX+SI], AL
000000ec 0000000000000000 ADD    [BX+SI], AL
000000ee 0000000000000000 ADD    [BX+SI], AL
000000f0 0000000000000000 ADD    [BX+SI], AL
000000f2 0000000000000000 ADD    [BX+SI], AL
000000f4 0000000000000000 ADD    [BX+SI], AL
000000f6 0000000000000000 ADD    [BX+SI], AL
000000f8 0000000000000000 ADD    [BX+SI], AL
000000fa 0000000000000000 ADD    [BX+SI], AL
000000fc 0000000000000000 ADD    [BX+SI], AL
000000fe 0000000000000000 ADD    [BX+SI], AL
00000100 0000000000000000 ADD    [BX+SI], AL
00000102 0000000000000000 ADD    [BX+SI], AL
00000104 0000000000000000 ADD    [BX+SI], AL
00000106 0000000000000000 ADD    [BX+SI], AL
00000108 0000000000000000 ADD    [BX+SI], AL
0000010a 0000000000000000 ADD    [BX+SI], AL
0000010c 0000000000000000 ADD    [BX+SI], AL
0000010e 0000000000000000 ADD    [BX+SI], AL
00000110 0000000000000000 ADD    [BX+SI], AL
00000112 0000000000000000 ADD    [BX+SI], AL
00000114 0000000000000000 ADD    [BX+SI], AL
00000116 0000000000000000 ADD    [BX+SI], AL
00000118 0000000000000000 ADD    [BX+SI], AL
0000011a 0000000000000000 ADD    [BX+SI], AL
0000011c 0000000000000000 ADD    [BX+SI], AL
0000011e 0000000000000000 ADD    [BX+SI], AL
00000120 0000000000000000 ADD    [BX+SI], AL
00000122 1a78000000000000 ADD    [BX+SI], AL
00000124 bdbb1a7800000000 ADD    [BX+SI], AL
Pradinis failas: t5-sub.com
Failo dydis: 293 (baitu)
00000000 569f2b78572b0f2b SUB    CX, [BX]
00000002 2b34569f2b78572b SUB    DX, [BX+0x78]
00000005 782b302b34569f2b SUB    BX, [BX+0x3456]
00000009 78a82b79782b302b SUB    SI, [BX+SI]
0000000b 2b5678a82b79782b SUB    DI, [BX+SI+0x79]
0000000e 792b312b5678a82b SUB    BP, [BX+SI+0x5678]
00000012 78a92b29792b312b SUB    SI, [BX+DI]
00000014 2b5678a92b29792b SUB    DI, [BX+DI+0x29]
00000017 542b242b5678a92b SUB    BP, [BX+DI+0x5678]
0000001b 569c2b28542b242b SUB    SP, [SI]
0000001d 2b34569c2b28542b SUB    DX, [SI+0x28]
00000020 552b052b34569c2b SUB    BX, [SI+0x3456]
00000024 569d2b58552b052b SUB    AX, [DI]
00000026 2b34569d2b58552b SUB    DX, [DI+0x58]
00000029 2b004e2b34569d2b SUB    BX, [DI+0x3456]
0000002d 9e2b58562b004e2b SUB    CX, [BP+0x0]
00000030 2b34569e2b58562b SUB    DX, [BP+0x58]
00000033 7a2b322b34569e2b SUB    BX, [BP+0x3456]
00000037 78aa2b397a2b322b SUB    SI, [BP+SI]
00000039 2b5678aa2b397a2b SUB    DI, [BP+SI+0x39]
0000003c 7b2b332b5678aa2b SUB    BP, [BP+SI+0x5678]
00000040 78ab2b497b2b332b SUB    SI, [BP+DI]
00000042 295678ab2b497b2b SUB    DI, [BP+DI+0x49]
00000045 57290f295678ab2b SUB    BP, [BP+DI+0x5678]
00000049 569f297857290f29 SUB    [BX], CX
0000004b 2934569f29785729 SUB    [BX+0x78], DX
0000004e 6029002934569f29 SUB    [BX+0x3456], BX
00000052 78b8296960290029 SUB    [BX+SI], AX
00000054 295678b829696029 SUB    [BX+SI+0x69], SP
00000057 712929295678b829 SUB    [BX+SI+0x5678], DI
0000005b 78b9294971292929 SUB    [BX+DI], BP
0000005d 295678b929497129 SUB    [BX+DI+0x49], SI
00000060 4c2904295678b929 SUB    [BX+DI+0x5678], DI
00000064 569429784c290429 SUB    [SI], AX
00000066 2934569429784c29 SUB    [SI+0x78], CX
00000069 65292d2934569429 SUB    [SI+0x3456], DX
0000006d 56b5297865292d29 SUB    [DI], BP
0000006f 293456b529786529 SUB    [DI+0x78], SP
00000072 29007e293456b529 SUB    [DI+0x3456], SI
00000076 9629784e29007e29 SUB    [BP+0x0], DI
00000079 2934569629784e29 SUB    [BP+0x78], CX
0000007c 7a29322934569629 SUB    [BP+0x3456], DX
00000080 788229597a293229 SUB    [BP+SI], SI
00000082 2956788229597a29 SUB    [BP+SI+0x59], DI
00000085 5b293b2956788229 SUB    [BP+SI+0x5678], AX
00000089 789329195b293b29 SUB    [BP+DI], DI
0000008b 2a56789329195b29 SUB    [BP+DI+0x19], BX
0000008e 652a052a56789329 SUB    [BP+DI+0x5678], DX
00000092 56bd2a78652a052a SUB    AL, [DI]
00000094 2a3456bd2a78652a SUB    AH, [DI+0x78]
00000097 2a004e2a3456bd2a SUB    BH, [DI+0x3456]
0000009b 9e2a78562a004e2a SUB    CL, [BP+0x0]
0000009e 2a34569e2a78562a SUB    DL, [BP+0x78]
000000a1 75282a2a34569e2a SUB    BL, [BP+0x3456]
000000a5 5695287875282a2a SUB    CH, [BP+SI]
000000a7 2834569528787528 SUB    [DI+0x78], DH
000000aa 28006e2834569528 SUB    [DI+0x3456], DL
000000ae be28564e28006e28 SUB    [BP+0x0], CH
000000b1 283456be28564e28 SUB    [BP+0x56], CL
000000b4 000000283456be28 SUB    [BP+0x3456], BH
000000b8 0000000000000028 SUB    [BX+SI], AL
000000ba 0000000000000000 ADD    [BX+SI], AL
000000bc 0000000000000000 ADD    [BX+SI], AL
000000be 0000000000000000 ADD    [BX+SI], AL
000000c0 0000000000000000 ADD    [BX+SI], AL
000000c2 0000000000000000 ADD    [BX+SI], AL
000000c4 0000000000000000 ADD    [BX+SI], AL
000000c6 0000000000000000 ADD    [BX+SI], AL
000000c8 0000000000000000 ADD    [BX+SI], AL
000000ca 0000000000000000 ADD    [BX+SI], AL
000000cc 0000000000000000 ADD    [BX+SI], AL
000000ce 0000000000000000 ADD    [BX+SI], AL
000000d0 0000000000000000 ADD    [BX+SI], AL
000000d2 0000000000000000 ADD    [BX+SI], AL
000000d4 0000000000000000 ADD    [BX+SI], AL
000000d6 0000000000000000 ADD    [BX+SI], AL
000000d8 0000000000000000 ADD    [BX+SI], AL
000000da 0000000000000000 ADD    [BX+SI], AL
000000dc 0000000000000000 ADD    [BX+SI], AL
000000de 0000000000000000 ADD    [BX+SI], AL
000000e0 0000000000000000 ADD    [BX+SI], AL
000000e2 0000000000000000 ADD    [BX+SI], AL
000000e4 0000000000000000 ADD    [BX+SI], AL
000000e6 0000000000000000 ADD    [BX+SI], AL
000000e8 0000000000000000 ADD    [BX+SI], AL
000000ea 0000000000000000 ADD    [BX+SI], AL
000000ec 0000000000000000 ADD    [BX+SI], AL
000000ee 0000000000000000 ADD    [BX+SI], AL
000000f0 0000000000000000 ADD    [BX+SI], AL
000000f2 0000000000000000 ADD    [BX+SI], AL
000000f4 0000000000000000 ADD    [BX+SI], AL
000000f6 0000000000000000 ADD    [BX+SI], AL
000000f8 0000000000000000 ADD    [BX+SI], AL
000000fa 0000000000000000 ADD    [BX+SI], AL
000000fc 0000000000000000 ADD    [BX+SI], AL
000000fe 0000000000000000 ADD    [BX+SI], AL
00000100 0000000000000000 ADD    [BX+SI], AL
00000102 0000000000000000 ADD    [BX+SI], AL
00000104 0000000000000000 ADD    [BX+SI], AL
00000106 0000000000000000 ADD    [BX+SI], AL
00000108 0000000000000000 ADD    [BX+SI], AL
0000010a 0000000000000000 ADD    [BX+SI], AL
0000010c 0000000000000000 ADD    [BX+SI], AL
0000010e 0000000000000000 ADD    [BX+SI], AL
00000110 0000000000000000 ADD    [BX+SI], AL
00000112 0000000000000000 ADD    [BX+SI], AL
00000114 0000000000000000 ADD    [BX+SI], AL
00000116 0000000000000000 ADD    [BX+SI], AL
00000118 0000000000000000 ADD    [BX+SI], AL
0000011a 0000000000000000 ADD    [BX+SI], AL
0000011c 0000000000000000 ADD    [BX+SI], AL
0000011e 0000000000000000 ADD    [BX+SI], AL
00000120 0000000000000000 ADD    [BX+SI], AL
00000122 9d3d000000000000 ADD    [BX+SI], AL
00000124 3eb29d3d00000000 ADD    [BX+SI], AL
Pradinis failas: t6-sbb.com
Failo dydis: 293 (baitu)
00000000 569f1b78571b0f1b SSB    CX, [BX]
00000002 1b34569f1b78571b SSB    DX, [BX+0x78]
00000005 781b301b34569f1b SSB    BX, [BX+0x3456]
00000009 78a81b79781b301b SSB    SI, [BX+SI]
0000000b 1b5678a81b79781b SSB    DI, [BX+SI+0x79]
0000000e 791b311b5678a81b SSB    BP, [BX+SI+0x5678]
00000012 78a91b29791b311b SSB    SI, [BX+DI]
00000014 1b5678a91b29791b SSB    DI, [BX+DI+0x29]
00000017 541b241b5678a91b SSB    BP, [BX+DI+0x5678]
0000001b 569c1b28541b241b SSB    SP, [SI]
0000001d 1b34569c1b28541b SSB    DX, [SI+0x28]
00000020 551b051b34569c1b SSB    BX, [SI+0x3456]
00000024 569d1b58551b051b SSB    AX, [DI]
00000026 1b34569d1b58551b SSB    DX, [DI+0x58]
00000029 1b004e1b34569d1b SSB    BX, [DI+0x3456]
0000002d 9e1b58561b004e1b SSB    CX, [BP+0x0]
00000030 1b34569e1b58561b SSB    DX, [BP+0x58]
00000033 7a1b321b34569e1b SSB    BX, [BP+0x3456]
00000037 78aa1b397a1b321b SSB    SI, [BP+SI]
00000039 1b5678aa1b397a1b SSB    DI, [BP+SI+0x39]
0000003c 7b1b331b5678aa1b SSB    BP, [BP+SI+0x5678]
00000040 78ab1b497b1b331b SSB    SI, [BP+DI]
00000042 195678ab1b497b1b SSB    DI, [BP+DI+0x49]
00000045 57190f195678ab1b SSB    BP, [BP+DI+0x5678]
00000049 569f197857190f19 SSB    [BX], CX
0000004b 1934569f19785719 SSB    [BX+0x78], DX
0000004e 6019001934569f19 SSB    [BX+0x3456], BX
00000052 78b8196960190019 SSB    [BX+SI], AX
00000054 195678b819696019 SSB    [BX+SI+0x69], SP
00000057 711929195678b819 SSB    [BX+SI+0x5678], DI
0000005b 78b9194971192919 SSB    [BX+DI], BP
0000005d 195678b919497119 SSB    [BX+DI+0x49], SI
00000060 4c1904195678b919 SSB    [BX+DI+0x5678], DI
00000064 569419784c190419 SSB    [SI], AX
00000066 1934569419784c19 SSB    [SI+0x78], CX
00000069 65192d1934569419 SSB    [SI+0x3456], DX
0000006d 56b5197865192d19 SSB    [DI], BP
0000006f 193456b519786519 SSB    [DI+0x78], SP
00000072 19007e193456b519 SSB    [DI+0x3456], SI
00000076 9619784e19007e19 SSB    [BP+0x0], DI
00000079 1934569619784e19 SSB    [BP+0x78], CX
0000007c 7a19321934569619 SSB    [BP+0x3456], DX
00000080 788219597a193219 SSB    [BP+SI], SI
00000082 1956788219597a19 SSB    [BP+SI+0x59], DI
00000085 5b193b1956788219 SSB    [BP+SI+0x5678], AX
00000089 789319195b193b19 SSB    [BP+DI], DI
0000008b 0056789319195b19 SSB    [BP+DI+0x19], BX
0000008e 0000000056789319 SSB    [BP+DI+0x5678], DX
00000092 0000000000000000 ADD    [BX+SI], AL
00000094 0000000000000000 ADD    [BX+SI], AL
00000096 0000000000000000 ADD    [BX+SI], AL
00000098 0000000000000000 ADD    [BX+SI], AL
0000009a 0000000000000000 ADD    [BX+SI], AL
0000009c 0000000000000000 ADD    [BX+SI], AL
0000009e 0000000000000000 ADD    [BX+SI], AL
000000a0 0000000000000000 ADD    [BX+SI], AL
000000a2 0000000000000000 ADD    [BX+SI], AL
000000a4 0000000000000000 ADD    [BX+SI], AL
000000a6 0000000000000000 ADD    [BX+SI], AL
000000a8 0000000000000000 ADD    [BX+SI], AL
000000aa 0000000000000000 ADD    [BX+SI], AL
000000ac 0000000000000000 ADD    [BX+SI], AL
000000ae 0000000000000000 ADD    [BX+SI], AL
000000b0 0000000000000000 ADD    [BX+SI], AL
000000b2 0000000000000000 ADD    [BX+SI], AL
000000b4 0000000000000000 ADD    [BX+SI], AL
000000b6 0000000000000000 ADD    [BX+SI], AL
000000b8 0000000000000000 ADD    [BX+SI], AL
000000ba 0000000000000000 ADD    [BX+SI], AL
000000bc 0000000000000000 ADD    [BX+SI], AL
000000be 0000000000000000 ADD    [BX+SI], AL
000000c0 0000000000000000 ADD    [BX+SI], AL
000000c2 0000000000000000 ADD    [BX+SI], AL
000000c4 0000000000000000 ADD    [BX+SI], AL
000000c6 0000000000000000 ADD    [BX+SI], AL
000000c8 0000000000000000 ADD    [BX+SI], AL
000000ca 0000000000000000 ADD    [BX+SI], AL
000000cc 0000000000000000 ADD    [BX+SI], AL
000000ce 0000000000000000 ADD    [BX+SI], AL
000000d0 0000000000000000 ADD    [BX+SI], AL
000000d2 0000000000000000 ADD    [BX+SI], AL
000000d4 0000000000000000 ADD    [BX+SI], AL
000000d6 0000000000000000 ADD    [BX+SI], AL
000000d8 0000000000000000 ADD    [BX+SI], AL
000000da 0000000000000000 ADD    [BX+SI], AL
000000dc 0000000000000000 ADD    [BX+SI], AL
000000de 0000000000000000 ADD    [BX+SI], AL
000000e0 0000000000000000 ADD    [BX+SI], AL
000000e2 0000000000000000 ADD    [BX+SI], AL
000000e4 0000000000000000 ADD    [BX+SI], AL
000000e6 0000000000000000 ADD    [BX+SI], AL
000000e8 0000000000000000 ADD    [BX+SI], AL
000000ea 0000000000000000 ADD    [BX+SI], AL
000000ec 0000000000000000 ADD    [BX+SI], AL
000000ee 0000000000000000 ADD    [BX+SI], AL
000000f0 0000000000000000 ADD    [BX+SI], AL
000000f2 0000000000000000 ADD    [BX+SI], AL
000000f4 0000000000000000 ADD    [BX+SI], AL
000000f6 0000000000000000 ADD    [BX+SI], AL
000000f8 0000000000000000 ADD    [BX+SI], AL
000000fa 0000000000000000 ADD    [BX+SI], AL
000000fc 0000000000000000 ADD    [BX+SI], AL
000000fe 0000000000000000 ADD    [BX+SI], AL
00000100 0000000000000000 ADD    [BX+SI], AL
00000102 0000000000000000 ADD    [BX+SI], AL
00000104 0000000000000000 ADD    [BX+SI], AL
00000106 0000000000000000 ADD    [BX+SI], AL
00000108 0000000000000000 ADD    [BX+SI], AL
0000010a 0000000000000000 ADD    [BX+SI], AL
0000010c 0000000000000000 ADD    [BX+SI], AL
0000010e 0000000000000000 ADD    [BX+SI], AL
00000110 0000000000000000 ADD    [BX+SI], AL
00000112 0000000000000000 ADD    [BX+SI], AL
00000114 0000000000000000 ADD    [BX+SI], AL
00000116 0000000000000000 ADD    [BX+SI], AL
00000118 0000000000000000 ADD    [BX+SI], AL
0000011a 0000000000000000 ADD    [BX+SI], AL
0000011c 0000000000000000 ADD    [BX+SI], AL
0000011e 0000000000000000 ADD    [BX+SI], AL
00000120 0000000000000000 ADD    [BX+SI], AL
00000122 eeed000000000000 ADD    [BX+SI], AL
00000124 0f3eeeed00000000 ADD    [BX+SI], AL
Pradinis failas: t8-mdiv.com
Failo dydis: 376 (baitu)
00000000 56a7f77867f727f7 MUL B  [BX]
00000002 f73456a7f77867f7 MUL B  [BX+0x78]
00000005 60f720f73456a7f7 MUL B  [BX+0x3456]
00000009 78a0f77960f720f7 MUL B  [BX+SI]
0000000b f75678a0f77960f7 MUL B  [BX+SI+0x79]
0000000e 61f721f75678a0f7 MUL B  [BX+SI+0x5678]
00000012 78a1f72961f721f7 MUL B  [BX+DI]
00000014 f75678a1f72961f7 MUL B  [BX+DI+0x29]
00000017 64f724f75678a1f7 MUL B  [BX+DI+0x5678]
0000001b 56a4f72864f724f7 MUL B  [SI]
0000001d f73456a4f72864f7 MUL B  [SI+0x28]
00000020 65f725f73456a4f7 MUL B  [SI+0x3456]
00000024 56a5f75865f725f7 MUL B  [DI]
00000026 f73456a5f75865f7 MUL B  [DI+0x58]
00000029 66f7e5f73456a5f7 MUL B  [DI+0x3456]
0000002d 56a6f75866f7e5f7 MUL B  BP
0000002f f73456a6f75866f7 MUL B  [BP+0x58]
00000032 62f7e1f73456a6f7 MUL B  [BP+0x3456]
00000036 78a2f73962f7e1f7 MUL B  CX
00000038 f75678a2f73962f7 MUL B  [BP+SI+0x39]
0000003b 63f7e2f75678a2f7 MUL B  [BP+SI+0x5678]
0000003f f6e6f74963f7e2f7 MUL B  DX
00000041 7865f6e6f74963f7 MUL B  [BP+DI+0x49]
00000044 56a5f67865f6e6f7 MUL B  SI
00000046 f63456a5f67865f6 MUL B  [DI+0x78]
00000049 66f6e6f63456a5f6 MUL B  [DI+0x3456]
0000004d 56a6f67866f6e6f6 MUL B  DH
0000004f f63456a6f67866f6 MUL B  [BP+0x78]
00000052 e3f6e4f63456a6f6 MUL B  [BP+0x3456]
00000056 3456a5f6e3f6e4f6 MUL B  AH
00000058 2ff73456a5f6e3f6 MUL B  BL
0000005a 6ff72ff73456a5f6 MUL B  [DI+0x3456]
0000005e 56aff7786ff72ff7 IMUL B [BX]
00000060 f73456aff7786ff7 IMUL B [BX+0x78]
00000063 68f728f73456aff7 IMUL B [BX+0x3456]
00000067 78a8f77968f728f7 IMUL B [BX+SI]
00000069 f75678a8f77968f7 IMUL B [BX+SI+0x79]
0000006c 69f729f75678a8f7 IMUL B [BX+SI+0x5678]
00000070 78a9f72969f729f7 IMUL B [BX+DI]
00000072 f75678a9f72969f7 IMUL B [BX+DI+0x29]
00000075 6cf72cf75678a9f7 IMUL B [BX+DI+0x5678]
00000079 56acf7286cf72cf7 IMUL B [SI]
0000007b f73456acf7286cf7 IMUL B [SI+0x28]
0000007e 6df72df73456acf7 IMUL B [SI+0x3456]
00000082 56adf7586df72df7 IMUL B [DI]
00000084 f73456adf7586df7 IMUL B [DI+0x58]
00000087 6ef7edf73456adf7 IMUL B [DI+0x3456]
0000008b 56aef7586ef7edf7 IMUL B BP
0000008d f73456aef7586ef7 IMUL B [BP+0x58]
00000090 6af7e9f73456aef7 IMUL B [BP+0x3456]
00000094 78aaf7396af7e9f7 IMUL B CX
00000096 f75678aaf7396af7 IMUL B [BP+SI+0x39]
00000099 6bf7eff75678aaf7 IMUL B [BP+SI+0x5678]
0000009d f6eef7496bf7eff7 IMUL B DI
0000009f 786df6eef7496bf7 IMUL B [BP+DI+0x49]
000000a2 56adf6786df6eef7 IMUL B SI
000000a4 f63456adf6786df6 IMUL B [DI+0x78]
000000a7 6ef6eef63456adf6 IMUL B [DI+0x3456]
000000ab 56aef6786ef6eef6 IMUL B DH
000000ad f63456aef6786ef6 IMUL B [BP+0x78]
000000b0 ebf6ecf63456aef6 IMUL B [BP+0x3456]
000000b4 3456adf6ebf6ecf6 IMUL B AH
000000b6 37f73456adf6ebf6 IMUL B BL
000000b8 77f737f73456adf6 IMUL B [DI+0x3456]
000000bc 56b7f77877f737f7 DIV B  [BX]
000000be f73456b7f77877f7 DIV B  [BX+0x78]
000000c1 70f730f73456b7f7 DIV B  [BX+0x3456]
000000c5 78b0f77970f730f7 DIV B  [BX+SI]
000000c7 f75678b0f77970f7 DIV B  [BX+SI+0x79]
000000ca 71f731f75678b0f7 DIV B  [BX+SI+0x5678]
000000ce 78b1f72971f731f7 DIV B  [BX+DI]
000000d0 f75678b1f72971f7 DIV B  [BX+DI+0x29]
000000d3 74f734f75678b1f7 DIV B  [BX+DI+0x5678]
000000d7 56b4f72874f734f7 DIV B  [SI]
000000d9 f73456b4f72874f7 DIV B  [SI+0x28]
000000dc 75f735f73456b4f7 DIV B  [SI+0x3456]
000000e0 56b5f75875f735f7 DIV B  [DI]
000000e2 f73456b5f75875f7 DIV B  [DI+0x58]
000000e5 76f7f5f73456b5f7 DIV B  [DI+0x3456]
000000e9 56b6f75876f7f5f7 DIV B  BP
000000eb f73456b6f75876f7 DIV B  [BP+0x58]
000000ee 72f7f1f73456b6f7 DIV B  [BP+0x3456]
000000f2 78b2f73972f7f1f7 DIV B  CX
000000f4 f75678b2f73972f7 DIV B  [BP+SI+0x39]
000000f7 73f7f2f75678b2f7 DIV B  [BP+SI+0x5678]
000000fb f6f6f74973f7f2f7 DIV B  DX
000000fd 7875f6f6f74973f7 DIV B  [BP+DI+0x49]
00000100 56b5f67875f6f6f7 DIV B  SI
00000102 f63456b5f67875f6 DIV B  [DI+0x78]
00000105 76f6f6f63456b5f6 DIV B  [DI+0x3456]
00000109 56b6f67876f6f6f6 DIV B  DH
0000010b f63456b6f67876f6 DIV B  [BP+0x78]
0000010e f3f6f2f63456b6f6 DIV B  [BP+0x3456]
00000112 3456b5f6f3f6f2f6 DIV B  DL
00000114 3ff73456b5f6f3f6 DIV B  BL
00000116 7ff73ff73456b5f6 DIV B  [DI+0x3456]
0000011a 56bff7787ff73ff7 IDIV B [BX]
0000011c f73456bff7787ff7 IDIV B [BX+0x78]
0000011f 78f738f73456bff7 IDIV B [BX+0x3456]
00000123 78b8f77978f738f7 IDIV B [BX+SI]
00000125 f75678b8f77978f7 IDIV B [BX+SI+0x79]
00000128 79f739f75678b8f7 IDIV B [BX+SI+0x5678]
0000012c 78b9f72979f739f7 IDIV B [BX+DI]
0000012e f75678b9f72979f7 IDIV B [BX+DI+0x29]
00000131 7cf73cf75678b9f7 IDIV B [BX+DI+0x5678]
00000135 56bcf7287cf73cf7 IDIV B [SI]
00000137 f73456bcf7287cf7 IDIV B [SI+0x28]
0000013a 7df73df73456bcf7 IDIV B [SI+0x3456]
0000013e 56bdf7587df73df7 IDIV B [DI]
00000140 f73456bdf7587df7 IDIV B [DI+0x58]
00000143 7ef7fdf73456bdf7 IDIV B [DI+0x3456]
00000147 56bef7587ef7fdf7 IDIV B BP
00000149 f73456bef7587ef7 IDIV B [BP+0x58]
0000014c 7af7f8f73456bef7 IDIV B [BP+0x3456]
00000150 78baf7397af7f8f7 IDIV B AX
00000152 f75678baf7397af7 IDIV B [BP+SI+0x39]
00000155 7bf7faf75678baf7 IDIV B [BP+SI+0x5678]
00000159 f6fef7497bf7faf7 IDIV B DX
0000015b 787df6fef7497bf7 IDIV B [BP+DI+0x49]
0000015e 56bdf6787df6fef7 IDIV B SI
00000160 f63456bdf6787df6 IDIV B [DI+0x78]
00000163 7ef6fef63456bdf6 IDIV B [DI+0x3456]
00000167 56bef6787ef6fef6 IDIV B DH
00000169 f63456bef6787ef6 IDIV B [BP+0x78]
0000016c fbf6fcf63456bef6 IDIV B [BP+0x3456]
00000170 3456bdf6fbf6fcf6 IDIV B AH
00000172 b0423456bdf6fbf6 IDIV B BL
00000174 ff59b0423456bdf6 IDIV B [DI+0x3456]
00000178 0000aff1ff59b042 INC     DX
Pradinis failas: t9-oar.com
Failo dydis: 201 (baitu)
00000000 5687ff7847ff07ff INC B  [BX]
00000002 ff345687ff7847ff INC B  [BX+0x78]
00000005 40ff00ff345687ff INC B  [BX+0x3456]
00000009 7880ff7940ff00ff INC B  [BX+SI]
0000000b ff567880ff7940ff INC B  [BX+SI+0x79]
0000000e 41ff01ff567880ff INC B  [BX+SI+0x5678]
00000012 7881ff2941ff01ff INC B  [BX+DI]
00000014 ff567881ff2941ff INC B  [BX+DI+0x29]
00000017 44ff04ff567881ff INC B  [BX+DI+0x5678]
0000001b 5684ff2844ff04ff INC B  [SI]
0000001d ff345684ff2844ff INC B  [SI+0x28]
00000020 45ff05ff345684ff INC B  [SI+0x3456]
00000024 5685ff5845ff05ff INC B  [DI]
00000026 fe345685ff5845ff INC B  [DI+0x58]
00000029 c1fec0fe345685ff INC B  [DI+0x3456]
0000002d c3fec2fec1fec0fe INC B  AL
0000002f c4fec3fec2fec1fe INC B  CL
00000031 c5fec4fec3fec2fe INC B  DL
00000033 c7fec5fec4fec3fe INC B  BL
00000035 c6fec7fec5fec4fe INC B  AH
00000037 4140c6fec7fec5fe INC B  CH
00000039 43424140c6fec7fe INC B  BH
0000003b 454443424140c6fe INC B  DH
0000003d 4746454443424140 INC     AX
0000003e ff47464544434241 INC     CX
0000003f 0fff474645444342 INC     DX
00000040 ff0fff4746454443 INC     BX
00000041 4fff0fff47464544 INC     SP
00000042 784fff0fff474645 INC     BP
00000043 ff784fff0fff4746 INC     SI
00000044 8fff784fff0fff47 INC     DI
00000045 568fff784fff0fff DEC B  [BX]
00000047 ff34568fff784fff DEC B  [BX+0x78]
0000004a 48ff08ff34568fff DEC B  [BX+0x3456]
0000004e 7888ff7948ff08ff DEC B  [BX+SI]
00000050 ff567888ff7948ff DEC B  [BX+SI+0x79]
00000053 49ff09ff567888ff DEC B  [BX+SI+0x5678]
00000057 7889ff2949ff09ff DEC B  [BX+DI]
00000059 ff567889ff2949ff DEC B  [BX+DI+0x29]
0000005c 4cff0cff567889ff DEC B  [BX+DI+0x5678]
00000060 568cff284cff0cff DEC B  [SI]
00000062 ff34568cff284cff DEC B  [SI+0x28]
00000065 4dff0dff34568cff DEC B  [SI+0x3456]
00000069 568dff584dff0dff DEC B  [DI]
0000006b fe34568dff584dff DEC B  [DI+0x58]
0000006e c9fec8fe34568dff DEC B  [DI+0x3456]
00000072 cbfecafec9fec8fe DEC B  AL
00000074 ccfecbfecafec9fe DEC B  CL
00000076 cdfeccfecbfecafe DEC B  DL
00000078 cffecdfeccfecbfe DEC B  BL
0000007a cefecffecdfeccfe DEC B  AH
0000007c 4948cefecffecdfe DEC B  CH
0000007e 4b4a4948cefecffe DEC B  BH
00000080 4d4c4b4a4948cefe DEC B  DH
00000082 4f4e4d4c4b4a4948 DEC     AX
00000083 374f4e4d4c4b4a49 DEC     CX
00000084 d5374f4e4d4c4b4a DEC     DX
00000085 0ad5374f4e4d4c4b DEC     BX
00000086 3f0ad5374f4e4d4c DEC     SP
00000087 d43f0ad5374f4e4d DEC     BP
00000088 0ad43f0ad5374f4e DEC     SI
00000089 d50ad43f0ad5374f DEC     DI
0000008a 05d50ad43f0ad537 AAA    
0000008b d405d50ad43f0ad5 AAD    0xa
0000008d 2703d405d50ad43f AAS    
0000008e 2f2703d405d50ad4 AAM    0xa
00000090 ddf72f2703d405d5 AAD    0x5
00000092 5ef7ddf72f2703d4 AAM    0x3
00000094 f7585ef7ddf72f27 BAA    
00000095 9ef7585ef7ddf72f DAS    
00000096 569ef7585ef7ddf7 NEG B  BP
00000098 f734569ef7585ef7 NEG B  [BP+0x58]
0000009b 5af7d9f734569ef7 NEG B  [BP+0x3456]
0000009f 789af7395af7d9f7 NEG B  CX
000000a1 f756789af7395af7 NEG B  [BP+SI+0x39]
000000a4 5bf7daf756789af7 NEG B  [BP+SI+0x5678]
000000a8 f6def7495bf7daf7 NEG B  DX
000000aa 785df6def7495bf7 NEG B  [BP+DI+0x49]
000000ad 569df6785df6def7 NEG B  SI
000000af f634569df6785df6 NEG B  [DI+0x78]
000000b2 5ef6def634569df6 NEG B  [DI+0x3456]
000000b6 569ef6785ef6def6 NEG B  DH
000000b8 f634569ef6785ef6 NEG B  [BP+0x78]
000000bb dbf6dcf634569ef6 NEG B  [BP+0x3456]
000000bf 34569df6dbf6dcf6 NEG B  AH
000000c1 999834569df6dbf6 NEG B  BL
000000c3 0000999834569df6 NEG B  [DI+0x3456]
000000c7 0000000000009998 CBW    
000000c8 0000000000000099 CWD    
000000c9 0000000000000000 ADD    [BX+SI], AL
Pradinis failas: t10-log.com
Failo dydis: 1519 (baitu)
00000000 56a7d17867d227d1 SHL    [BX], 1
00000002 d33456a7d17867d2 SHL    [BX+0x78], CL
00000005 60d0e7d33456a7d1 SHL    [BX+0x3456], 1
00000009 78a0d36960d0e7d3 SHL    DI, CL
0000000b d15678a0d36960d0 SHL    [BX+SI+0x69], 1
0000000e 61d321d15678a0d3 SHL    [BX+SI+0x5678], CL
00000012 d2e6d14961d321d1 SHL    [BX+DI], 1
00000014 d124d2e6d14961d3 SHL    [BX+DI+0x49], CL
00000017 d27864d124d2e6d1 SHL    SI, 1
00000019 56a4d27864d124d2 SHL    [SI], CL
0000001b d13456a4d27864d1 SHL    [SI+0x78], 1
0000001e 65d225d13456a4d2 SHL    [SI+0x3456], CL
00000022 56a5d17865d225d1 SHL    [DI], 1
00000024 d33456a5d17865d2 SHL    [DI+0x78], CL
00000027 d10066d33456a5d1 SHL    [DI+0x3456], 1
0000002b e6d27866d10066d3 SHL    [BP+0x0], CL
0000002e d322d0e6d27866d1 SHL    [BP+0x78], 1
00000031 d15962d322d0e6d2 SHL    DH, CL
00000033 78a2d15962d322d0 SHL    [BP+SI], 1
00000035 d25678a2d15962d3 SHL    [BP+SI+0x59], CL
00000038 63d123d25678a2d1 SHL    [BP+SI+0x5678], 1
0000003c 78a3d31963d123d2 SHL    [BP+DI], CL
0000003e d15678a3d31963d1 SHL    [BP+DI+0x19], 1
00000041 6fd22fd15678a3d3 SHL    [BP+DI+0x5678], CL
00000045 56afd1786fd22fd1 SHR    [BX], 1
00000047 d33456afd1786fd2 SHR    [BX+0x78], CL
0000004a 68d028d33456afd1 SHR    [BX+0x3456], 1
0000004e 78a8d36968d028d3 SHR    [BX+SI], CL
00000050 d15678a8d36968d0 SHR    [BX+SI+0x69], 1
00000053 69d329d15678a8d3 SHR    [BX+SI+0x5678], CL
00000057 78a9d14969d329d1 SHR    [BX+DI], 1
00000059 d25678a9d14969d3 SHR    [BX+DI+0x49], CL
0000005c 6cd12cd25678a9d1 SHR    [BX+DI+0x5678], 1
00000060 56acd2786cd12cd2 SHR    [SI], CL
00000062 d13456acd2786cd1 SHR    [SI+0x78], 1
00000065 e8d22dd13456acd2 SHR    [SI+0x3456], CL
00000069 3456add1e8d22dd1 SHR    [DI], 1
0000006b 6ed33456add1e8d2 SHR    AL, CL
0000006d d1006ed33456add1 SHR    [DI+0x3456], 1
00000071 e9d3786ed1006ed3 SHR    [BP+0x0], CL
00000074 d32ad0e9d3786ed1 SHR    [BP+0x78], 1
00000077 d1596ad32ad0e9d3 SHR    CX, CL
00000079 78aad1596ad32ad0 SHR    [BP+SI], 1
0000007b d25678aad1596ad3 SHR    [BP+SI+0x59], CL
0000007e edd12bd25678aad1 SHR    [BP+SI+0x5678], 1
00000082 5678abd3edd12bd2 SHR    [BP+DI], CL
00000084 07d15678abd3edd1 SHR    BP, 1
00000086 47d207d15678abd3 SHR    [BP+DI+0x5678], CL
0000008a 5687d17847d207d1 ROL    [BX], 1
0000008c d3345687d17847d2 ROL    [BX+0x78], CL
0000008f 40d0c7d3345687d1 ROL    [BX+0x3456], 1
00000093 7880d36940d0c7d3 ROL    DI, CL
00000095 d1567880d36940d0 ROL    [BX+SI+0x69], 1
00000098 41d301d1567880d3 ROL    [BX+SI+0x5678], CL
0000009c d2c6d14941d301d1 ROL    [BX+DI], 1
0000009e d104d2c6d14941d3 ROL    [BX+DI+0x49], CL
000000a1 d27844d104d2c6d1 ROL    SI, 1
000000a3 5684d27844d104d2 ROL    [SI], CL
000000a5 d1345684d27844d1 ROL    [SI+0x78], 1
000000a8 45d205d1345684d2 ROL    [SI+0x3456], CL
000000ac 5685d17845d205d1 ROL    [DI], 1
000000ae d3345685d17845d2 ROL    [DI+0x78], CL
000000b1 d10046d3345685d1 ROL    [DI+0x3456], 1
000000b5 c6d27846d10046d3 ROL    [BP+0x0], CL
000000b8 d302d0c6d27846d1 ROL    [BP+0x78], 1
000000bb d15942d302d0c6d2 ROL    DH, CL
000000bd 7882d15942d302d0 ROL    [BP+SI], 1
000000bf d2567882d15942d3 ROL    [BP+SI+0x59], CL
000000c2 43d103d2567882d1 ROL    [BP+SI+0x5678], 1
000000c6 7883d31943d103d2 ROL    [BP+DI], CL
000000c8 d1567883d31943d1 ROL    [BP+DI+0x19], 1
000000cb 4fd20fd1567883d3 ROL    [BP+DI+0x5678], CL
000000cf 568fd1784fd20fd1 ROR    [BX], 1
000000d1 d334568fd1784fd2 ROR    [BX+0x78], CL
000000d4 48d0cfd334568fd1 ROR    [BX+0x3456], 1
000000d8 7888d36948d0cfd3 ROR    DI, CL
000000da d1567888d36948d0 ROR    [BX+SI+0x69], 1
000000dd 49d309d1567888d3 ROR    [BX+SI+0x5678], CL
000000e1 d2ced14949d309d1 ROR    [BX+DI], 1
000000e3 d10cd2ced14949d3 ROR    [BX+DI+0x49], CL
000000e6 d2784cd10cd2ced1 ROR    SI, 1
000000e8 568cd2784cd10cd2 ROR    [SI], CL
000000ea d134568cd2784cd1 ROR    [SI+0x78], 1
000000ed 4dd20dd134568cd2 ROR    [SI+0x3456], CL
000000f1 568dd1784dd20dd1 ROR    [DI], 1
000000f3 d334568dd1784dd2 ROR    [DI+0x78], CL
000000f6 d1004ed334568dd1 ROR    [DI+0x3456], 1
000000fa ced2784ed1004ed3 ROR    [BP+0x0], CL
000000fd d30ad0ced2784ed1 ROR    [BP+0x78], 1
00000100 d1594ad30ad0ced2 ROR    DH, CL
00000102 788ad1594ad30ad0 ROR    [BP+SI], 1
00000104 d256788ad1594ad3 ROR    [BP+SI+0x59], CL
00000107 4bd10bd256788ad1 ROR    [BP+SI+0x5678], 1
0000010b 788bd3194bd10bd2 ROR    [BP+DI], CL
0000010d d156788bd3194bd1 ROR    [BP+DI+0x19], 1
00000110 5fd21fd156788bd3 ROR    [BP+DI+0x5678], CL
00000114 569fd1785fd21fd1 RCR    [BX], 1
00000116 d334569fd1785fd2 RCR    [BX+0x78], CL
00000119 58d0dfd334569fd1 RCR    [BX+0x3456], 1
0000011d 7898d36958d0dfd3 RCR    DI, CL
0000011f d1567898d36958d0 RCR    [BX+SI+0x69], 1
00000122 59d319d1567898d3 RCR    [BX+SI+0x5678], CL
00000126 d2ded14959d319d1 RCR    [BX+DI], 1
00000128 d11cd2ded14959d3 RCR    [BX+DI+0x49], CL
0000012b d2785cd11cd2ded1 RCR    SI, 1
0000012d 569cd2785cd11cd2 RCR    [SI], CL
0000012f d134569cd2785cd1 RCR    [SI+0x78], 1
00000132 5dd21dd134569cd2 RCR    [SI+0x3456], CL
00000136 569dd1785dd21dd1 RCR    [DI], 1
00000138 d334569dd1785dd2 RCR    [DI+0x78], CL
0000013b d1005ed334569dd1 RCR    [DI+0x3456], 1
0000013f ded2785ed1005ed3 RCR    [BP+0x0], CL
00000142 0000d0ded2785ed1 RCR    [BP+0x78], 1
00000145 0000000000d0ded2 RCR    DH, CL
00000147 00000000000000d0 ROL    [BX+SI], 1
00000149 0000000000000000 ADD    [BX+SI], AL
0000014b 0000000000000000 ADD    [BX+SI], AL
0000014d 0000000000000000 ADD    [BX+SI], AL
0000014f 0000000000000000 ADD    [BX+SI], AL
00000151 0000000000000000 ADD    [BX+SI], AL
00000153 0000000000000000 ADD    [BX+SI], AL
00000155 0000000000000000 ADD    [BX+SI], AL
00000157 0000000000000000 ADD    [BX+SI], AL
00000159 0000000000000000 ADD    [BX+SI], AL
0000015b 0000000000000000 ADD    [BX+SI], AL
0000015d 0000000000000000 ADD    [BX+SI], AL
0000015f 0000000000000000 ADD    [BX+SI], AL
00000161 0000000000000000 ADD    [BX+SI], AL
00000163 0000000000000000 ADD    [BX+SI], AL
00000165 0000000000000000 ADD    [BX+SI], AL
00000167 0000000000000000 ADD    [BX+SI], AL
00000169 0000000000000000 ADD    [BX+SI], AL
0000016b 0000000000000000 ADD    [BX+SI], AL
0000016d 0000000000000000 ADD    [BX+SI], AL
0000016f 0000000000000000 ADD    [BX+SI], AL
00000171 0000000000000000 ADD    [BX+SI], AL
00000173 0000000000000000 ADD    [BX+SI], AL
00000175 0000000000000000 ADD    [BX+SI], AL
00000177 0000000000000000 ADD    [BX+SI], AL
00000179 0000000000000000 ADD    [BX+SI], AL
0000017b 0000000000000000 ADD    [BX+SI], AL
0000017d 0000000000000000 ADD    [BX+SI], AL
0000017f 0000000000000000 ADD    [BX+SI], AL
00000181 0000000000000000 ADD    [BX+SI], AL
00000183 0000000000000000 ADD    [BX+SI], AL
00000185 0000000000000000 ADD    [BX+SI], AL
00000187 0000000000000000 ADD    [BX+SI], AL
00000189 0000000000000000 ADD    [BX+SI], AL
0000018b 0000000000000000 ADD    [BX+SI], AL
0000018d 0000000000000000 ADD    [BX+SI], AL
0000018f 0000000000000000 ADD    [BX+SI], AL
00000191 0000000000000000 ADD    [BX+SI], AL
00000193 0000000000000000 ADD    [BX+SI], AL
00000195 0000000000000000 ADD    [BX+SI], AL
00000197 0000000000000000 ADD    [BX+SI], AL
00000199 0000000000000000 ADD    [BX+SI], AL
0000019b 0000000000000000 ADD    [BX+SI], AL
0000019d 0000000000000000 ADD    [BX+SI], AL
0000019f 0000000000000000 ADD    [BX+SI], AL
000001a1 0000000000000000 ADD    [BX+SI], AL
000001a3 0000000000000000 ADD    [BX+SI], AL
000001a5 0000000000000000 ADD    [BX+SI], AL
000001a7 0000000000000000 ADD    [BX+SI], AL
000001a9 0000000000000000 ADD    [BX+SI], AL
000001ab 0000000000000000 ADD    [BX+SI], AL
000001ad 0000000000000000 ADD    [BX+SI], AL
000001af 0000000000000000 ADD    [BX+SI], AL
000001b1 0000000000000000 ADD    [BX+SI], AL
000001b3 0000000000000000 ADD    [BX+SI], AL
000001b5 0000000000000000 ADD    [BX+SI], AL
000001b7 0000000000000000 ADD    [BX+SI], AL
000001b9 0000000000000000 ADD    [BX+SI], AL
000001bb 0000000000000000 ADD    [BX+SI], AL
000001bd 0000000000000000 ADD    [BX+SI], AL
000001bf 0000000000000000 ADD    [BX+SI], AL
000001c1 0000000000000000 ADD    [BX+SI], AL
000001c3 0000000000000000 ADD    [BX+SI], AL
000001c5 0000000000000000 ADD    [BX+SI], AL
000001c7 0000000000000000 ADD    [BX+SI], AL
000001c9 0000000000000000 ADD    [BX+SI], AL
000001cb 0000000000000000 ADD    [BX+SI], AL
000001cd 0000000000000000 ADD    [BX+SI], AL
000001cf 0000000000000000 ADD    [BX+SI], AL
000001d1 0000000000000000 ADD    [BX+SI], AL
000001d3 0000000000000000 ADD    [BX+SI], AL
000001d5 0000000000000000 ADD    [BX+SI], AL
000001d7 0000000000000000 ADD    [BX+SI], AL
000001d9 0000000000000000 ADD    [BX+SI], AL
000001db 0000000000000000 ADD    [BX+SI], AL
000001dd 0000000000000000 ADD    [BX+SI], AL
000001df 0000000000000000 ADD    [BX+SI], AL
000001e1 0000000000000000 ADD    [BX+SI], AL
000001e3 0000000000000000 ADD    [BX+SI], AL
000001e5 0000000000000000 ADD    [BX+SI], AL
000001e7 0000000000000000 ADD    [BX+SI], AL
000001e9 0000000000000000 ADD    [BX+SI], AL
000001eb 0000000000000000 ADD    [BX+SI], AL
000001ed 0000000000000000 ADD    [BX+SI], AL
000001ef 0000000000000000 ADD    [BX+SI], AL
000001f1 0000000000000000 ADD    [BX+SI], AL
000001f3 0000000000000000 ADD    [BX+SI], AL
000001f5 0000000000000000 ADD    [BX+SI], AL
000001f7 0000000000000000 ADD    [BX+SI], AL
000001f9 0000000000000000 ADD    [BX+SI], AL
000001fb 0000000000000000 ADD    [BX+SI], AL
000001fd 0000000000000000 ADD    [BX+SI], AL
000001ff 0000000000000000 ADD    [BX+SI], AL
00000201 0000000000000000 ADD    [BX+SI], AL
00000203 0000000000000000 ADD    [BX+SI], AL
00000205 0000000000000000 ADD    [BX+SI], AL
00000207 0000000000000000 ADD    [BX+SI], AL
00000209 0000000000000000 ADD    [BX+SI], AL
0000020b 0000000000000000 ADD    [BX+SI], AL
0000020d 0000000000000000 ADD    [BX+SI], AL
0000020f 0000000000000000 ADD    [BX+SI], AL
00000211 0000000000000000 ADD    [BX+SI], AL
00000213 0000000000000000 ADD    [BX+SI], AL
00000215 0000000000000000 ADD    [BX+SI], AL
00000217 0000000000000000 ADD    [BX+SI], AL
00000219 0000000000000000 ADD    [BX+SI], AL
0000021b 0000000000000000 ADD    [BX+SI], AL
0000021d 0000000000000000 ADD    [BX+SI], AL
0000021f 0000000000000000 ADD    [BX+SI], AL
00000221 0000000000000000 ADD    [BX+SI], AL
00000223 0000000000000000 ADD    [BX+SI], AL
00000225 0000000000000000 ADD    [BX+SI], AL
00000227 0000000000000000 ADD    [BX+SI], AL
00000229 0000000000000000 ADD    [BX+SI], AL
0000022b 0000000000000000 ADD    [BX+SI], AL
0000022d 0000000000000000 ADD    [BX+SI], AL
0000022f 0000000000000000 ADD    [BX+SI], AL
00000231 0000000000000000 ADD    [BX+SI], AL
00000233 0000000000000000 ADD    [BX+SI], AL
00000235 0000000000000000 ADD    [BX+SI], AL
00000237 0000000000000000 ADD    [BX+SI], AL
00000239 0000000000000000 ADD    [BX+SI], AL
0000023b 0000000000000000 ADD    [BX+SI], AL
0000023d 0000000000000000 ADD    [BX+SI], AL
0000023f 0000000000000000 ADD    [BX+SI], AL
00000241 0000000000000000 ADD    [BX+SI], AL
00000243 0000000000000000 ADD    [BX+SI], AL
00000245 0000000000000000 ADD    [BX+SI], AL
00000247 0000000000000000 ADD    [BX+SI], AL
00000249 0000000000000000 ADD    [BX+SI], AL
0000024b 0000000000000000 ADD    [BX+SI], AL
0000024d 0000000000000000 ADD    [BX+SI], AL
0000024f 0000000000000000 ADD    [BX+SI], AL
00000251 0000000000000000 ADD    [BX+SI], AL
00000253 0000000000000000 ADD    [BX+SI], AL
00000255 0000000000000000 ADD    [BX+SI], AL
00000257 0000000000000000 ADD    [BX+SI], AL
00000259 0000000000000000 ADD    [BX+SI], AL
0000025b 0000000000000000 ADD    [BX+SI], AL
0000025d 0000000000000000 ADD    [BX+SI], AL
0000025f 0000000000000000 ADD    [BX+SI], AL
00000261 0000000000000000 ADD    [BX+SI], AL
00000263 0000000000000000 ADD    [BX+SI], AL
00000265 0000000000000000 ADD    [BX+SI], AL
00000267 0000000000000000 ADD    [BX+SI], AL
00000269 0000000000000000 ADD    [BX+SI], AL
0000026b 0000000000000000 ADD    [BX+SI], AL
0000026d 0000000000000000 ADD    [BX+SI], AL
0000026f 0000000000000000 ADD    [BX+SI], AL
00000271 0000000000000000 ADD    [BX+SI], AL
00000273 0000000000000000 ADD    [BX+SI], AL
00000275 0000000000000000 ADD    [BX+SI], AL
00000277 0000000000000000 ADD    [BX+SI], AL
00000279 0000000000000000 ADD    [BX+SI], AL
0000027b 0000000000000000 ADD    [BX+SI], AL
0000027d 0000000000000000 ADD    [BX+SI], AL
0000027f 0000000000000000 ADD    [BX+SI], AL
00000281 0000000000000000 ADD    [BX+SI], AL
00000283 0000000000000000 ADD    [BX+SI], AL
00000285 0000000000000000 ADD    [BX+SI], AL
00000287 0000000000000000 ADD    [BX+SI], AL
00000289 0000000000000000 ADD    [BX+SI], AL
0000028b 0000000000000000 ADD    [BX+SI], AL
0000028d 0000000000000000 ADD    [BX+SI], AL
0000028f 0000000000000000 ADD    [BX+SI], AL
00000291 0000000000000000 ADD    [BX+SI], AL
00000293 0000000000000000 ADD    [BX+SI], AL
00000295 0000000000000000 ADD    [BX+SI], AL
00000297 0000000000000000 ADD    [BX+SI], AL
00000299 0000000000000000 ADD    [BX+SI], AL
0000029b 0000000000000000 ADD    [BX+SI], AL
0000029d 0000000000000000 ADD    [BX+SI], AL
0000029f 0000000000000000 ADD    [BX+SI], AL
000002a1 0000000000000000 ADD    [BX+SI], AL
000002a3 0000000000000000 ADD    [BX+SI], AL
000002a5 0000000000000000 ADD    [BX+SI], AL
000002a7 0000000000000000 ADD    [BX+SI], AL
000002a9 0000000000000000 ADD    [BX+SI], AL
000002ab 0000000000000000 ADD    [BX+SI], AL
000002ad 0000000000000000 ADD    [BX+SI], AL
000002af 0000000000000000 ADD    [BX+SI], AL
000002b1 0000000000000000 ADD    [BX+SI], AL
000002b3 0000000000000000 ADD    [BX+SI], AL
000002b5 0000000000000000 ADD    [BX+SI], AL
000002b7 0000000000000000 ADD    [BX+SI], AL
000002b9 0000000000000000 ADD    [BX+SI], AL
000002bb 0000000000000000 ADD    [BX+SI], AL
000002bd 0000000000000000 ADD    [BX+SI], AL
000002bf 0000000000000000 ADD    [BX+SI], AL
000002c1 0000000000000000 ADD    [BX+SI], AL
000002c3 0000000000000000 ADD    [BX+SI], AL
000002c5 0000000000000000 ADD    [BX+SI], AL
000002c7 0000000000000000 ADD    [BX+SI], AL
000002c9 0000000000000000 ADD    [BX+SI], AL
000002cb 0000000000000000 ADD    [BX+SI], AL
000002cd 0000000000000000 ADD    [BX+SI], AL
000002cf 0000000000000000 ADD    [BX+SI], AL
000002d1 0000000000000000 ADD    [BX+SI], AL
000002d3 0000000000000000 ADD    [BX+SI], AL
000002d5 0000000000000000 ADD    [BX+SI], AL
000002d7 0000000000000000 ADD    [BX+SI], AL
000002d9 0000000000000000 ADD    [BX+SI], AL
000002db 0000000000000000 ADD    [BX+SI], AL
000002dd 0000000000000000 ADD    [BX+SI], AL
000002df 0000000000000000 ADD    [BX+SI], AL
000002e1 0000000000000000 ADD    [BX+SI], AL
000002e3 0000000000000000 ADD    [BX+SI], AL
000002e5 0000000000000000 ADD    [BX+SI], AL
000002e7 0000000000000000 ADD    [BX+SI], AL
000002e9 0000000000000000 ADD    [BX+SI], AL
000002eb 0000000000000000 ADD    [BX+SI], AL
000002ed 0000000000000000 ADD    [BX+SI], AL
000002ef 0000000000000000 ADD    [BX+SI], AL
000002f1 0000000000000000 ADD    [BX+SI], AL
000002f3 0000000000000000 ADD    [BX+SI], AL
000002f5 0000000000000000 ADD    [BX+SI], AL
000002f7 0000000000000000 ADD    [BX+SI], AL
000002f9 0000000000000000 ADD    [BX+SI], AL
000002fb 0000000000000000 ADD    [BX+SI], AL
000002fd 0000000000000000 ADD    [BX+SI], AL
000002ff 0000000000000000 ADD    [BX+SI], AL
00000301 0000000000000000 ADD    [BX+SI], AL
00000303 0000000000000000 ADD    [BX+SI], AL
00000305 0000000000000000 ADD    [BX+SI], AL
00000307 0000000000000000 ADD    [BX+SI], AL
00000309 0000000000000000 ADD    [BX+SI], AL
0000030b 0000000000000000 ADD    [BX+SI], AL
0000030d 0000000000000000 ADD    [BX+SI], AL
0000030f 0000000000000000 ADD    [BX+SI], AL
00000311 0000000000000000 ADD    [BX+SI], AL
00000313 0000000000000000 ADD    [BX+SI], AL
00000315 0000000000000000 ADD    [BX+SI], AL
00000317 0000000000000000 ADD    [BX+SI], AL
00000319 0000000000000000 ADD    [BX+SI], AL
0000031b 0000000000000000 ADD    [BX+SI], AL
0000031d 0000000000000000 ADD    [BX+SI], AL
0000031f 0000000000000000 ADD    [BX+SI], AL
00000321 0000000000000000 ADD    [BX+SI], AL
00000323 0000000000000000 ADD    [BX+SI], AL
00000325 0000000000000000 ADD    [BX+SI], AL
00000327 0000000000000000 ADD    [BX+SI], AL
00000329 0000000000000000 ADD    [BX+SI], AL
0000032b 0000000000000000 ADD    [BX+SI], AL
0000032d 0000000000000000 ADD    [BX+SI], AL
0000032f 0000000000000000 ADD    [BX+SI], AL
00000331 0000000000000000 ADD    [BX+SI], AL
00000333 0000000000000000 ADD    [BX+SI], AL
00000335 0000000000000000 ADD    [BX+SI], AL
00000337 0000000000000000 ADD    [BX+SI], AL
00000339 0000000000000000 ADD    [BX+SI], AL
0000033b 0000000000000000 ADD    [BX+SI], AL
0000033d 0000000000000000 ADD    [BX+SI], AL
0000033f 0000000000000000 ADD    [BX+SI], AL
00000341 0000000000000000 ADD    [BX+SI], AL
00000343 0000000000000000 ADD    [BX+SI], AL
00000345 0000000000000000 ADD    [BX+SI], AL
00000347 0000000000000000 ADD    [BX+SI], AL
00000349 0000000000000000 ADD    [BX+SI], AL
0000034b 0000000000000000 ADD    [BX+SI], AL
0000034d 0000000000000000 ADD    [BX+SI], AL
0000034f 0000000000000000 ADD    [BX+SI], AL
00000351 0000000000000000 ADD    [BX+SI], AL
00000353 0000000000000000 ADD    [BX+SI], AL
00000355 0000000000000000 ADD    [BX+SI], AL
00000357 0000000000000000 ADD    [BX+SI], AL
00000359 0000000000000000 ADD    [BX+SI], AL
0000035b 0000000000000000 ADD    [BX+SI], AL
0000035d 0000000000000000 ADD    [BX+SI], AL
0000035f 0000000000000000 ADD    [BX+SI], AL
00000361 0000000000000000 ADD    [BX+SI], AL
00000363 0000000000000000 ADD    [BX+SI], AL
00000365 0000000000000000 ADD    [BX+SI], AL
00000367 0000000000000000 ADD    [BX+SI], AL
00000369 0000000000000000 ADD    [BX+SI], AL
0000036b 0000000000000000 ADD    [BX+SI], AL
0000036d 0000000000000000 ADD    [BX+SI], AL
0000036f 0000000000000000 ADD    [BX+SI], AL
00000371 0000000000000000 ADD    [BX+SI], AL
00000373 0000000000000000 ADD    [BX+SI], AL
00000375 0000000000000000 ADD    [BX+SI], AL
00000377 0000000000000000 ADD    [BX+SI], AL
00000379 0000000000000000 ADD    [BX+SI], AL
0000037b 0000000000000000 ADD    [BX+SI], AL
0000037d 0000000000000000 ADD    [BX+SI], AL
0000037f 0000000000000000 ADD    [BX+SI], AL
00000381 0000000000000000 ADD    [BX+SI], AL
00000383 0000000000000000 ADD    [BX+SI], AL
00000385 0000000000000000 ADD    [BX+SI], AL
00000387 0000000000000000 ADD    [BX+SI], AL
00000389 0000000000000000 ADD    [BX+SI], AL
0000038b 0000000000000000 ADD    [BX+SI], AL
0000038d 0000000000000000 ADD    [BX+SI], AL
0000038f 0000000000000000 ADD    [BX+SI], AL
00000391 0000000000000000 ADD    [BX+SI], AL
00000393 0000000000000000 ADD    [BX+SI], AL
00000395 0000000000000000 ADD    [BX+SI], AL
00000397 0000000000000000 ADD    [BX+SI], AL
00000399 0000000000000000 ADD    [BX+SI], AL
0000039b 0000000000000000 ADD    [BX+SI], AL
0000039d 0000000000000000 ADD    [BX+SI], AL
0000039f 0000000000000000 ADD    [BX+SI], AL
000003a1 0000000000000000 ADD    [BX+SI], AL
000003a3 0000000000000000 ADD    [BX+SI], AL
000003a5 0000000000000000 ADD    [BX+SI], AL
000003a7 0000000000000000 ADD    [BX+SI], AL
000003a9 0000000000000000 ADD    [BX+SI], AL
000003ab 0000000000000000 ADD    [BX+SI], AL
000003ad 0000000000000000 ADD    [BX+SI], AL
000003af 0000000000000000 ADD    [BX+SI], AL
000003b1 0000000000000000 ADD    [BX+SI], AL
000003b3 0000000000000000 ADD    [BX+SI], AL
000003b5 0000000000000000 ADD    [BX+SI], AL
000003b7 0000000000000000 ADD    [BX+SI], AL
000003b9 0000000000000000 ADD    [BX+SI], AL
000003bb 0000000000000000 ADD    [BX+SI], AL
000003bd 0000000000000000 ADD    [BX+SI], AL
000003bf 0000000000000000 ADD    [BX+SI], AL
000003c1 0000000000000000 ADD    [BX+SI], AL
000003c3 0000000000000000 ADD    [BX+SI], AL
000003c5 0000000000000000 ADD    [BX+SI], AL
000003c7 0000000000000000 ADD    [BX+SI], AL
000003c9 0000000000000000 ADD    [BX+SI], AL
000003cb 0000000000000000 ADD    [BX+SI], AL
000003cd 0000000000000000 ADD    [BX+SI], AL
000003cf 0000000000000000 ADD    [BX+SI], AL
000003d1 0000000000000000 ADD    [BX+SI], AL
000003d3 0000000000000000 ADD    [BX+SI], AL
000003d5 0000000000000000 ADD    [BX+SI], AL
000003d7 0000000000000000 ADD    [BX+SI], AL
000003d9 0000000000000000 ADD    [BX+SI], AL
000003db 0000000000000000 ADD    [BX+SI], AL
000003dd 0000000000000000 ADD    [BX+SI], AL
000003df 0000000000000000 ADD    [BX+SI], AL
000003e1 0000000000000000 ADD    [BX+SI], AL
000003e3 0000000000000000 ADD    [BX+SI], AL
000003e5 0000000000000000 ADD    [BX+SI], AL
000003e7 0000000000000000 ADD    [BX+SI], AL
000003e9 0000000000000000 ADD    [BX+SI], AL
000003eb 0000000000000000 ADD    [BX+SI], AL
000003ed 0000000000000000 ADD    [BX+SI], AL
000003ef 0000000000000000 ADD    [BX+SI], AL
000003f1 0000000000000000 ADD    [BX+SI], AL
000003f3 0000000000000000 ADD    [BX+SI], AL
000003f5 0000000000000000 ADD    [BX+SI], AL
000003f7 0000000000000000 ADD    [BX+SI], AL
000003f9 0000000000000000 ADD    [BX+SI], AL
000003fb 0000000000000000 ADD    [BX+SI], AL
000003fd 0000000000000000 ADD    [BX+SI], AL
000003ff 0000000000000000 ADD    [BX+SI], AL
00000401 0000000000000000 ADD    [BX+SI], AL
00000403 0000000000000000 ADD    [BX+SI], AL
00000405 0000000000000000 ADD    [BX+SI], AL
00000407 0000000000000000 ADD    [BX+SI], AL
00000409 0000000000000000 ADD    [BX+SI], AL
0000040b 0000000000000000 ADD    [BX+SI], AL
0000040d 0000000000000000 ADD    [BX+SI], AL
0000040f 0000000000000000 ADD    [BX+SI], AL
00000411 0000000000000000 ADD    [BX+SI], AL
00000413 0000000000000000 ADD    [BX+SI], AL
00000415 0000000000000000 ADD    [BX+SI], AL
00000417 0000000000000000 ADD    [BX+SI], AL
00000419 0000000000000000 ADD    [BX+SI], AL
0000041b 0000000000000000 ADD    [BX+SI], AL
0000041d 0000000000000000 ADD    [BX+SI], AL
0000041f 0000000000000000 ADD    [BX+SI], AL
00000421 0000000000000000 ADD    [BX+SI], AL
00000423 0000000000000000 ADD    [BX+SI], AL
00000425 0000000000000000 ADD    [BX+SI], AL
00000427 0000000000000000 ADD    [BX+SI], AL
00000429 0000000000000000 ADD    [BX+SI], AL
0000042b 0000000000000000 ADD    [BX+SI], AL
0000042d 0000000000000000 ADD    [BX+SI], AL
0000042f 0000000000000000 ADD    [BX+SI], AL
00000431 0000000000000000 ADD    [BX+SI], AL
00000433 0000000000000000 ADD    [BX+SI], AL
00000435 0000000000000000 ADD    [BX+SI], AL
00000437 0000000000000000 ADD    [BX+SI], AL
00000439 0000000000000000 ADD    [BX+SI], AL
0000043b 0000000000000000 ADD    [BX+SI], AL
0000043d 0000000000000000 ADD    [BX+SI], AL
0000043f 0000000000000000 ADD    [BX+SI], AL
00000441 0000000000000000 ADD    [BX+SI], AL
00000443 0000000000000000 ADD    [BX+SI], AL
00000445 0000000000000000 ADD    [BX+SI], AL
00000447 0000000000000000 ADD    [BX+SI], AL
00000449 0000000000000000 ADD    [BX+SI], AL
0000044b 0000000000000000 ADD    [BX+SI], AL
0000044d 0000000000000000 ADD    [BX+SI], AL
0000044f 0000000000000000 ADD    [BX+SI], AL
00000451 0000000000000000 ADD    [BX+SI], AL
00000453 0000000000000000 ADD    [BX+SI], AL
00000455 0000000000000000 ADD    [BX+SI], AL
00000457 0000000000000000 ADD    [BX+SI], AL
00000459 0000000000000000 ADD    [BX+SI], AL
0000045b 0000000000000000 ADD    [BX+SI], AL
0000045d 0000000000000000 ADD    [BX+SI], AL
0000045f 0000000000000000 ADD    [BX+SI], AL
00000461 0000000000000000 ADD    [BX+SI], AL
00000463 0000000000000000 ADD    [BX+SI], AL
00000465 0000000000000000 ADD    [BX+SI], AL
00000467 0000000000000000 ADD    [BX+SI], AL
00000469 0000000000000000 ADD    [BX+SI], AL
0000046b 0000000000000000 ADD    [BX+SI], AL
0000046d 0000000000000000 ADD    [BX+SI], AL
0000046f 0000000000000000 ADD    [BX+SI], AL
00000471 0000000000000000 ADD    [BX+SI], AL
00000473 0000000000000000 ADD    [BX+SI], AL
00000475 0000000000000000 ADD    [BX+SI], AL
00000477 0000000000000000 ADD    [BX+SI], AL
00000479 0000000000000000 ADD    [BX+SI], AL
0000047b 0000000000000000 ADD    [BX+SI], AL
0000047d 0000000000000000 ADD    [BX+SI], AL
0000047f 0000000000000000 ADD    [BX+SI], AL
00000481 0000000000000000 ADD    [BX+SI], AL
00000483 0000000000000000 ADD    [BX+SI], AL
00000485 0000000000000000 ADD    [BX+SI], AL
00000487 0000000000000000 ADD    [BX+SI], AL
00000489 0000000000000000 ADD    [BX+SI], AL
0000048b 0000000000000000 ADD    [BX+SI], AL
0000048d 0000000000000000 ADD    [BX+SI], AL
0000048f 0000000000000000 ADD    [BX+SI], AL
00000491 0000000000000000 ADD    [BX+SI], AL
00000493 0000000000000000 ADD    [BX+SI], AL
00000495 0000000000000000 ADD    [BX+SI], AL
00000497 0000000000000000 ADD    [BX+SI], AL
00000499 0000000000000000 ADD    [BX+SI], AL
0000049b 0000000000000000 ADD    [BX+SI], AL
0000049d 0000000000000000 ADD    [BX+SI], AL
0000049f 0000000000000000 ADD    [BX+SI], AL
000004a1 0000000000000000 ADD    [BX+SI], AL
000004a3 0000000000000000 ADD    [BX+SI], AL
000004a5 0000000000000000 ADD    [BX+SI], AL
000004a7 0000000000000000 ADD    [BX+SI], AL
000004a9 0000000000000000 ADD    [BX+SI], AL
000004ab 0000000000000000 ADD    [BX+SI], AL
000004ad 0000000000000000 ADD    [BX+SI], AL
000004af 0000000000000000 ADD    [BX+SI], AL
000004b1 0000000000000000 ADD    [BX+SI], AL
000004b3 0000000000000000 ADD    [BX+SI], AL
000004b5 0000000000000000 ADD    [BX+SI], AL
000004b7 0000000000000000 ADD    [BX+SI], AL
000004b9 0000000000000000 ADD    [BX+SI], AL
000004bb 0000000000000000 ADD    [BX+SI], AL
000004bd 0000000000000000 ADD    [BX+SI], AL
000004bf 0000000000000000 ADD    [BX+SI], AL
000004c1 0000000000000000 ADD    [BX+SI], AL
000004c3 0000000000000000 ADD    [BX+SI], AL
000004c5 0000000000000000 ADD    [BX+SI], AL
000004c7 0000000000000000 ADD    [BX+SI], AL
000004c9 0000000000000000 ADD    [BX+SI], AL
000004cb 0000000000000000 ADD    [BX+SI], AL
000004cd 0000000000000000 ADD    [BX+SI], AL
000004cf 0000000000000000 ADD    [BX+SI], AL
000004d1 0000000000000000 ADD    [BX+SI], AL
000004d3 0000000000000000 ADD    [BX+SI], AL
000004d5 0000000000000000 ADD    [BX+SI], AL
000004d7 0000000000000000 ADD    [BX+SI], AL
000004d9 0000000000000000 ADD    [BX+SI], AL
000004db 0000000000000000 ADD    [BX+SI], AL
000004dd 0000000000000000 ADD    [BX+SI], AL
000004df 0000000000000000 ADD    [BX+SI], AL
000004e1 0000000000000000 ADD    [BX+SI], AL
000004e3 0000000000000000 ADD    [BX+SI], AL
000004e5 0000000000000000 ADD    [BX+SI], AL
000004e7 0000000000000000 ADD    [BX+SI], AL
000004e9 0000000000000000 ADD    [BX+SI], AL
000004eb 0000000000000000 ADD    [BX+SI], AL
000004ed 0000000000000000 ADD    [BX+SI], AL
000004ef 0000000000000000 ADD    [BX+SI], AL
000004f1 0000000000000000 ADD    [BX+SI], AL
000004f3 0000000000000000 ADD    [BX+SI], AL
000004f5 0000000000000000 ADD    [BX+SI], AL
000004f7 0000000000000000 ADD    [BX+SI], AL
000004f9 0000000000000000 ADD    [BX+SI], AL
000004fb 0000000000000000 ADD    [BX+SI], AL
000004fd 0000000000000000 ADD    [BX+SI], AL
000004ff 0000000000000000 ADD    [BX+SI], AL
00000501 0000000000000000 ADD    [BX+SI], AL
00000503 0000000000000000 ADD    [BX+SI], AL
00000505 0000000000000000 ADD    [BX+SI], AL
00000507 0000000000000000 ADD    [BX+SI], AL
00000509 0000000000000000 ADD    [BX+SI], AL
0000050b 0000000000000000 ADD    [BX+SI], AL
0000050d 0000000000000000 ADD    [BX+SI], AL
0000050f 0000000000000000 ADD    [BX+SI], AL
00000511 0000000000000000 ADD    [BX+SI], AL
00000513 0000000000000000 ADD    [BX+SI], AL
00000515 0000000000000000 ADD    [BX+SI], AL
00000517 0000000000000000 ADD    [BX+SI], AL
00000519 0000000000000000 ADD    [BX+SI], AL
0000051b 0000000000000000 ADD    [BX+SI], AL
0000051d 0000000000000000 ADD    [BX+SI], AL
0000051f 0000000000000000 ADD    [BX+SI], AL
00000521 0000000000000000 ADD    [BX+SI], AL
00000523 0000000000000000 ADD    [BX+SI], AL
00000525 0000000000000000 ADD    [BX+SI], AL
00000527 0000000000000000 ADD    [BX+SI], AL
00000529 0000000000000000 ADD    [BX+SI], AL
0000052b 0000000000000000 ADD    [BX+SI], AL
0000052d 0000000000000000 ADD    [BX+SI], AL
0000052f 0000000000000000 ADD    [BX+SI], AL
00000531 0000000000000000 ADD    [BX+SI], AL
00000533 0000000000000000 ADD    [BX+SI], AL
00000535 0000000000000000 ADD    [BX+SI], AL
00000537 0000000000000000 ADD    [BX+SI], AL
00000539 0000000000000000 ADD    [BX+SI], AL
0000053b 0000000000000000 ADD    [BX+SI], AL
0000053d 0000000000000000 ADD    [BX+SI], AL
0000053f 0000000000000000 ADD    [BX+SI], AL
00000541 0000000000000000 ADD    [BX+SI], AL
00000543 0000000000000000 ADD    [BX+SI], AL
00000545 0000000000000000 ADD    [BX+SI], AL
00000547 0000000000000000 ADD    [BX+SI], AL
00000549 0000000000000000 ADD    [BX+SI], AL
0000054b 0000000000000000 ADD    [BX+SI], AL
0000054d 0000000000000000 ADD    [BX+SI], AL
0000054f 0000000000000000 ADD    [BX+SI], AL
00000551 0000000000000000 ADD    [BX+SI], AL
00000553 0000000000000000 ADD    [BX+SI], AL
00000555 0000000000000000 ADD    [BX+SI], AL
00000557 0000000000000000 ADD    [BX+SI], AL
00000559 0000000000000000 ADD    [BX+SI], AL
0000055b 0000000000000000 ADD    [BX+SI], AL
0000055d 0000000000000000 ADD    [BX+SI], AL
0000055f 0000000000000000 ADD    [BX+SI], AL
00000561 0000000000000000 ADD    [BX+SI], AL
00000563 0000000000000000 ADD    [BX+SI], AL
00000565 0000000000000000 ADD    [BX+SI], AL
00000567 0000000000000000 ADD    [BX+SI], AL
00000569 0000000000000000 ADD    [BX+SI], AL
0000056b 0000000000000000 ADD    [BX+SI], AL
0000056d 0000000000000000 ADD    [BX+SI], AL
0000056f 0000000000000000 ADD    [BX+SI], AL
00000571 0000000000000000 ADD    [BX+SI], AL
00000573 0000000000000000 ADD    [BX+SI], AL
00000575 0000000000000000 ADD    [BX+SI], AL
00000577 0000000000000000 ADD    [BX+SI], AL
00000579 0000000000000000 ADD    [BX+SI], AL
0000057b 0000000000000000 ADD    [BX+SI], AL
0000057d 0000000000000000 ADD    [BX+SI], AL
0000057f 0000000000000000 ADD    [BX+SI], AL
00000581 0000000000000000 ADD    [BX+SI], AL
00000583 0000000000000000 ADD    [BX+SI], AL
00000585 0000000000000000 ADD    [BX+SI], AL
00000587 0000000000000000 ADD    [BX+SI], AL
00000589 0000000000000000 ADD    [BX+SI], AL
0000058b 0000000000000000 ADD    [BX+SI], AL
0000058d 0000000000000000 ADD    [BX+SI], AL
0000058f 0000000000000000 ADD    [BX+SI], AL
00000591 0000000000000000 ADD    [BX+SI], AL
00000593 0000000000000000 ADD    [BX+SI], AL
00000595 0000000000000000 ADD    [BX+SI], AL
00000597 0000000000000000 ADD    [BX+SI], AL
00000599 0000000000000000 ADD    [BX+SI], AL
0000059b 0000000000000000 ADD    [BX+SI], AL
0000059d 0000000000000000 ADD    [BX+SI], AL
0000059f 0000000000000000 ADD    [BX+SI], AL
000005a1 0000000000000000 ADD    [BX+SI], AL
000005a3 0000000000000000 ADD    [BX+SI], AL
000005a5 0000000000000000 ADD    [BX+SI], AL
000005a7 0000000000000000 ADD    [BX+SI], AL
000005a9 0000000000000000 ADD    [BX+SI], AL
000005ab 0000000000000000 ADD    [BX+SI], AL
000005ad 0000000000000000 ADD    [BX+SI], AL
000005af 0000000000000000 ADD    [BX+SI], AL
000005b1 0000000000000000 ADD    [BX+SI], AL
000005b3 0000000000000000 ADD    [BX+SI], AL
000005b5 0000000000000000 ADD    [BX+SI], AL
000005b7 0000000000000000 ADD    [BX+SI], AL
000005b9 0000000000000000 ADD    [BX+SI], AL
000005bb 0000000000000000 ADD    [BX+SI], AL
000005bd 0000000000000000 ADD    [BX+SI], AL
000005bf 0000000000000000 ADD    [BX+SI], AL
000005c1 0000000000000000 ADD    [BX+SI], AL
000005c3 0000000000000000 ADD    [BX+SI], AL
000005c5 0000000000000000 ADD    [BX+SI], AL
000005c7 0000000000000000 ADD    [BX+SI], AL
000005c9 0000000000000000 ADD    [BX+SI], AL
000005cb 0000000000000000 ADD    [BX+SI], AL
000005cd 0000000000000000 ADD    [BX+SI], AL
000005cf 0000000000000000 ADD    [BX+SI], AL
000005d1 0000000000000000 ADD    [BX+SI], AL
000005d3 0000000000000000 ADD    [BX+SI], AL
000005d5 0000000000000000 ADD    [BX+SI], AL
000005d7 0000000000000000 ADD    [BX+SI], AL
000005d9 0000000000000000 ADD    [BX+SI], AL
000005db 0000000000000000 ADD    [BX+SI], AL
000005dd 0000000000000000 ADD    [BX+SI], AL
000005df 0000000000000000 ADD    [BX+SI], AL
000005e1 0000000000000000 ADD    [BX+SI], AL
000005e3 0000000000000000 ADD    [BX+SI], AL
000005e5 0000000000000000 ADD    [BX+SI], AL
000005e7 0000000000000000 ADD    [BX+SI], AL
000005e9 0000000000000000 ADD    [BX+SI], AL
000005eb 0000000000000000 ADD    [BX+SI], AL
000005ed 0000000000000000 ADD    [BX+SI], AL
000005ef 0000000000000000 ADD    [BX+SI], AL
Pradinis failas: t11-strc.com
Failo dydis: 24 (baitu)
00000000 afaea7a6a5a4adac LODSB  
00000001 aaafaea7a6a5a4ad LODSW  
00000002 abaaafaea7a6a5a4 MOVSB  
00000003 f3abaaafaea7a6a5 MOVSW  
00000004 a6f3abaaafaea7a6 CMPSB  
00000005 f2a6f3abaaafaea7 CMPSW  
00000006 a6f2a6f3abaaafae SCASB  
00000007 f8a6f2a6f3abaaaf SCASW  
00000008 f5f8a6f2a6f3abaa STOSB  
00000009 f9f5f8a6f2a6f3ab STOSW  
0000000a fcf9f5f8a6f2a6f3 REPE   
0000000b fdfcf9f5f8a6f2a6 CMPSB  
0000000c fafdfcf9f5f8a6f2 REPNE  
0000000d fbfafdfcf9f5f8a6 CMPSB  
0000000e f4fbfafdfcf9f5f8 CLC    
0000000f 9bf4fbfafdfcf9f5 CMC    
00000010 f09bf4fbfafdfcf9 STC    
00000011 b5f09bf4fbfafdfc CLD    
00000012 b0b5f09bf4fbfafd STD    
00000013 1ab0b5f09bf4fbfa CLI    
00000014 641ab0b5f09bf4fb STI    
00000015 3f641ab0b5f09bf4 HLT    
00000016 f43f641ab0b5f09b WAIT   
00000017 00f43f641ab0b5f0 LOCK   
00000018 0000f43f641ab0b5 MOV5 CH, b0
Pradinis failas: T12-JMPS.com
Failo dydis: 268 (baitu)
00000000 487efa7c1d741e74 JE     0x1e
00000002 f672487efa7c1d74 JE     0x1d
00000004 1476f672487efa7c JL     0xfa
00000006 147a1476f672487e JLE    0x48
00000008 f070147a1476f672 JB     0xf6
0000000a f078f070147a1476 JBE    0x14
0000000c f075f078f070147a JPE    0x14
0000000e ec75f075f078f070 JO     0xf0
00000010 087dec75f075f078 JS     0xf0
00000012 097f087dec75f075 JNE    0xf0
00000014 e673097f087dec75 JNE    0xec
00000016 e277e673097f087d JGE    0x8
00000018 f07be277e673097f JG     0x9
0000001a de71f07be277e673 JAE    0xe6
0000001c 2c79de71f07be277 JA     0xe2
0000001e 2ce22c79de71f07b JNP    0xf0
00000020 d8e12ce22c79de71 JNO    0xde
00000022 d7e1d8e12ce22c79 JNS    0x2c
00000024 d6e0d7e1d8e12ce2 LOOP   0x2c
00000026 d5e0d6e0d7e1d8e1 LOOPZ  0xd8
00000028 f5e3d5e0d6e0d7e1 LOOPZ  0xd7
0000002a 23e8f5e3d5e0d6e0 LOOPNZ 0xd6
0000002c ff3323e8f5e3d5e0 LOOPNZ 0xd5
0000002e ff17ff3323e8f5e3 JCXZ   0xf5
00000030 7857ff17ff3323e8 CALL   0x3323
00000033 5697ff7857ff17ff CALL   [BX]
00000035 ff345697ff7857ff CALL   [BX+0x78]
00000038 50ff10ff345697ff CALL   [BX+0x3456]
0000003c 7890ff7950ff10ff CALL   [BX+SI]
0000003e ff567890ff7950ff CALL   [BX+SI+0x79]
00000041 51ff11ff567890ff CALL   [BX+SI+0x5678]
00000045 7891ff2951ff11ff CALL   [BX+DI]
00000047 ff567891ff2951ff CALL   [BX+DI+0x29]
0000004a 54ff14ff567891ff CALL   [BX+DI+0x5678]
0000004e 5694ff2854ff14ff CALL   [SI]
00000050 ff345694ff2854ff CALL   [SI+0x28]
00000053 d0ff15ff345694ff CALL   [SI+0x3456]
00000057 d1ffd3ffd0ff15ff CALL   [DI]
00000059 d2ffd1ffd3ffd0ff CALL   AX
0000005b d4ffd2ffd1ffd3ff CALL   BX
0000005d d7ffd4ffd2ffd1ff CALL   CX
0000005f d5ffd7ffd4ffd2ff CALL   DX
00000061 d6ffd5ffd7ffd4ff CALL   SP
00000063 d5ffd6ffd5ffd7ff CALL   DI
00000065 459ad5ffd6ffd5ff CALL   BP
00000067 5622459ad5ffd6ff CALL   SI
00000069 ff345622459ad5ff CALL   BP
0000006b ff1fff345622459a CALLF  0x3456:0x2245
00000070 569fff785fff1fff CALLF  [BX]
00000072 ff34569fff785fff CALLF  [BX+0x78]
00000075 58ff18ff34569fff CALLF  [BX+0x3456]
00000079 7898ff7958ff18ff CALLF  [BX+SI]
0000007b ff567898ff7958ff CALLF  [BX+SI+0x79]
0000007e 59ff19ff567898ff CALLF  [BX+SI+0x5678]
00000082 7899ff2959ff19ff CALLF  [BX+DI]
00000084 ff567899ff2959ff CALLF  [BX+DI+0x29]
00000087 5cff1cff567899ff CALLF  [BX+DI+0x5678]
0000008b 569cff285cff1cff CALLF  [SI]
0000008d ff34569cff285cff CALLF  [SI+0x28]
00000090 bde91dff34569cff CALLF  [SI+0x3456]
00000094 ff15eb32bde91dff CALLF  [DI]
00000096 ff27ff15eb32bde9 JMP    0x32bd
00000099 ff7867ff27ff15eb JMP    0x15
0000009b 56a7ff7867ff27ff JMP    [BX]
0000009d ff3456a7ff7867ff JMP    [BX+0x78]
000000a0 60ff20ff3456a7ff JMP    [BX+0x3456]
000000a4 78a0ff7960ff20ff JMP    [BX+SI]
000000a6 ff5678a0ff7960ff JMP    [BX+SI+0x79]
000000a9 61ff21ff5678a0ff JMP    [BX+SI+0x5678]
000000ad 78a1ff2961ff21ff JMP    [BX+DI]
000000af ff5678a1ff2961ff JMP    [BX+DI+0x29]
000000b2 64ff24ff5678a1ff JMP    [BX+DI+0x5678]
000000b6 56a4ff2864ff24ff JMP    [SI]
000000b8 ff3456a4ff2864ff JMP    [SI+0x28]
000000bb e0ff25ff3456a4ff JMP    [SI+0x3456]
000000bf e1ffe3ffe0ff25ff JMP    [DI]
000000c1 e2ffe1ffe3ffe0ff JMP    AX
000000c3 e4ffe2ffe1ffe3ff JMP    BX
000000c5 e7ffe4ffe2ffe1ff JMP    CX
000000c7 e5ffe7ffe4ffe2ff JMP    DX
000000c9 e6ffe5ffe7ffe4ff JMP    SP
000000cb e5ffe6ffe5ffe7ff JMP    DI
000000cd 45eae5ffe6ffe5ff JMP    BP
000000cf 562245eae5ffe6ff JMP    SI
000000d1 ff34562245eae5ff JMP    BP
000000d3 ff2fff34562245ea JMPF   0x3456:0x2245
000000d8 56afff786fff2fff db ff 
000000d9 3456afff786fff2f DAS    
000000da ff3456afff786fff db ff 
000000db 28ff3456afff786f db 6f 
000000dc ff28ff3456afff78 JS     0xff
000000de 7968ff28ff3456af SCASW  
000000df ff7968ff28ff3456 PUSH    SI
000000e0 a8ff7968ff28ff34 XOR  AL,0xff
000000e2 5678a8ff7968ff28 SUB    BH, BH
000000e4 29ff5678a8ff7968 db 68 
000000e5 ff29ff5678a8ff79 JNS    0xff
000000e7 2969ff29ff5678a8 TEST AL,0x78
000000e9 a9ff2969ff29ff56 PUSH    SI
000000ea 78a9ff2969ff29ff db ff 
000000eb 5678a9ff2969ff29 SUB    DI, DI
000000ed 2cff5678a9ff2969 db 69 
000000ee ff2cff5678a9ff29 SUB    DI, DI
000000f0 286cff2cff5678a9 TEST AX,0x5678
000000f3 56acff286cff2cff db ff 
000000f4 3456acff286cff2c SUB  AL,0xff
000000f6 2dff3456acff286c db 6c 
000000f7 c32dff3456acff28 SUB    BH, BH
000000f9 23c2c32dff3456ac LODSB  
000000fa 0123c2c32dff3456 PUSH    SI
000000fb cb0123c2c32dff34 XOR  AL,0xff
000000fd 45cacb0123c2c32d SUB  AX,0xc2c3
00000100 cecc2345cacb0123 AND    AX, [BX+DI]
00000102 21cdcecc2345cacb RETF   
00000103 cd21cdcecc2345ca RETF   0x2345
00000106 000080cd21cdcecc INT 3  
00000107 00000080cd21cdce INTO   
00000108 0000000080cd21cd db cd 
00000109 000000000080cd21 AND    BP, CX
0000010b 0000000000000080 ADD    [BX+SI],0
